Archive member included to satisfy reference by file (symbol)

C:/ST/STM32CubeIDE_1.14.1/STM32CubeIDE/plugins/com.st.stm32cube.ide.mcu.externaltools.gnu-tools-for-stm32.11.3.rel1.win32_1.1.100.202309141235/tools/bin/../lib/gcc/arm-none-eabi/11.3.1/../../../../arm-none-eabi/lib/thumb/v7-m/nofp\libc_nano.a(libc_a-exit.o)
                              C:/ST/STM32CubeIDE_1.14.1/STM32CubeIDE/plugins/com.st.stm32cube.ide.mcu.externaltools.gnu-tools-for-stm32.11.3.rel1.win32_1.1.100.202309141235/tools/bin/../lib/gcc/arm-none-eabi/11.3.1/../../../../arm-none-eabi/lib/thumb/v7-m/nofp/crt0.o (exit)
C:/ST/STM32CubeIDE_1.14.1/STM32CubeIDE/plugins/com.st.stm32cube.ide.mcu.externaltools.gnu-tools-for-stm32.11.3.rel1.win32_1.1.100.202309141235/tools/bin/../lib/gcc/arm-none-eabi/11.3.1/../../../../arm-none-eabi/lib/thumb/v7-m/nofp\libc_nano.a(libc_a-findfp.o)
                              C:/ST/STM32CubeIDE_1.14.1/STM32CubeIDE/plugins/com.st.stm32cube.ide.mcu.externaltools.gnu-tools-for-stm32.11.3.rel1.win32_1.1.100.202309141235/tools/bin/../lib/gcc/arm-none-eabi/11.3.1/../../../../arm-none-eabi/lib/thumb/v7-m/nofp\libc_nano.a(libc_a-exit.o) (__stdio_exit_handler)
C:/ST/STM32CubeIDE_1.14.1/STM32CubeIDE/plugins/com.st.stm32cube.ide.mcu.externaltools.gnu-tools-for-stm32.11.3.rel1.win32_1.1.100.202309141235/tools/bin/../lib/gcc/arm-none-eabi/11.3.1/../../../../arm-none-eabi/lib/thumb/v7-m/nofp\libc_nano.a(libc_a-fwalk.o)
                              C:/ST/STM32CubeIDE_1.14.1/STM32CubeIDE/plugins/com.st.stm32cube.ide.mcu.externaltools.gnu-tools-for-stm32.11.3.rel1.win32_1.1.100.202309141235/tools/bin/../lib/gcc/arm-none-eabi/11.3.1/../../../../arm-none-eabi/lib/thumb/v7-m/nofp\libc_nano.a(libc_a-findfp.o) (_fwalk_sglue)
C:/ST/STM32CubeIDE_1.14.1/STM32CubeIDE/plugins/com.st.stm32cube.ide.mcu.externaltools.gnu-tools-for-stm32.11.3.rel1.win32_1.1.100.202309141235/tools/bin/../lib/gcc/arm-none-eabi/11.3.1/../../../../arm-none-eabi/lib/thumb/v7-m/nofp\libc_nano.a(libc_a-sprintf.o)
                              ./Core/Src/Communication.o (sprintf)
C:/ST/STM32CubeIDE_1.14.1/STM32CubeIDE/plugins/com.st.stm32cube.ide.mcu.externaltools.gnu-tools-for-stm32.11.3.rel1.win32_1.1.100.202309141235/tools/bin/../lib/gcc/arm-none-eabi/11.3.1/../../../../arm-none-eabi/lib/thumb/v7-m/nofp\libc_nano.a(libc_a-stdio.o)
                              C:/ST/STM32CubeIDE_1.14.1/STM32CubeIDE/plugins/com.st.stm32cube.ide.mcu.externaltools.gnu-tools-for-stm32.11.3.rel1.win32_1.1.100.202309141235/tools/bin/../lib/gcc/arm-none-eabi/11.3.1/../../../../arm-none-eabi/lib/thumb/v7-m/nofp\libc_nano.a(libc_a-findfp.o) (__sread)
C:/ST/STM32CubeIDE_1.14.1/STM32CubeIDE/plugins/com.st.stm32cube.ide.mcu.externaltools.gnu-tools-for-stm32.11.3.rel1.win32_1.1.100.202309141235/tools/bin/../lib/gcc/arm-none-eabi/11.3.1/../../../../arm-none-eabi/lib/thumb/v7-m/nofp\libc_nano.a(libc_a-memset.o)
                              C:/ST/STM32CubeIDE_1.14.1/STM32CubeIDE/plugins/com.st.stm32cube.ide.mcu.externaltools.gnu-tools-for-stm32.11.3.rel1.win32_1.1.100.202309141235/tools/bin/../lib/gcc/arm-none-eabi/11.3.1/../../../../arm-none-eabi/lib/thumb/v7-m/nofp/crt0.o (memset)
C:/ST/STM32CubeIDE_1.14.1/STM32CubeIDE/plugins/com.st.stm32cube.ide.mcu.externaltools.gnu-tools-for-stm32.11.3.rel1.win32_1.1.100.202309141235/tools/bin/../lib/gcc/arm-none-eabi/11.3.1/../../../../arm-none-eabi/lib/thumb/v7-m/nofp\libc_nano.a(libc_a-closer.o)
                              C:/ST/STM32CubeIDE_1.14.1/STM32CubeIDE/plugins/com.st.stm32cube.ide.mcu.externaltools.gnu-tools-for-stm32.11.3.rel1.win32_1.1.100.202309141235/tools/bin/../lib/gcc/arm-none-eabi/11.3.1/../../../../arm-none-eabi/lib/thumb/v7-m/nofp\libc_nano.a(libc_a-stdio.o) (_close_r)
C:/ST/STM32CubeIDE_1.14.1/STM32CubeIDE/plugins/com.st.stm32cube.ide.mcu.externaltools.gnu-tools-for-stm32.11.3.rel1.win32_1.1.100.202309141235/tools/bin/../lib/gcc/arm-none-eabi/11.3.1/../../../../arm-none-eabi/lib/thumb/v7-m/nofp\libc_nano.a(libc_a-reent.o)
                              C:/ST/STM32CubeIDE_1.14.1/STM32CubeIDE/plugins/com.st.stm32cube.ide.mcu.externaltools.gnu-tools-for-stm32.11.3.rel1.win32_1.1.100.202309141235/tools/bin/../lib/gcc/arm-none-eabi/11.3.1/../../../../arm-none-eabi/lib/thumb/v7-m/nofp\libc_nano.a(libc_a-closer.o) (errno)
C:/ST/STM32CubeIDE_1.14.1/STM32CubeIDE/plugins/com.st.stm32cube.ide.mcu.externaltools.gnu-tools-for-stm32.11.3.rel1.win32_1.1.100.202309141235/tools/bin/../lib/gcc/arm-none-eabi/11.3.1/../../../../arm-none-eabi/lib/thumb/v7-m/nofp\libc_nano.a(libc_a-impure.o)
                              C:/ST/STM32CubeIDE_1.14.1/STM32CubeIDE/plugins/com.st.stm32cube.ide.mcu.externaltools.gnu-tools-for-stm32.11.3.rel1.win32_1.1.100.202309141235/tools/bin/../lib/gcc/arm-none-eabi/11.3.1/../../../../arm-none-eabi/lib/thumb/v7-m/nofp\libc_nano.a(libc_a-sprintf.o) (_impure_ptr)
[...]
Memory Configuration

Name             Origin             Length             Attributes
RAM              0x0000000020000000 0x0000000000002800 xrw
FLASH            0x0000000008000000 0x0000000000008000 xr
*default*        0x0000000000000000 0xffffffffffffffff

Linker script and memory map

LOAD C:/ST/STM32CubeIDE_1.14.1/STM32CubeIDE/plugins/com.st.stm32cube.ide.mcu.externaltools.gnu-tools-for-stm32.11.3.rel1.win32_1.1.100.202309141235/tools/bin/../lib/gcc/arm-none-eabi/11.3.1/thumb/v7-m/nofp/crti.o
LOAD C:/ST/STM32CubeIDE_1.14.1/STM32CubeIDE/plugins/com.st.stm32cube.ide.mcu.externaltools.gnu-tools-for-stm32.11.3.rel1.win32_1.1.100.202309141235/tools/bin/../lib/gcc/arm-none-eabi/11.3.1/thumb/v7-m/nofp/crtbegin.o
LOAD C:/ST/STM32CubeIDE_1.14.1/STM32CubeIDE/plugins/com.st.stm32cube.ide.mcu.externaltools.gnu-tools-for-stm32.11.3.rel1.win32_1.1.100.202309141235/tools/bin/../lib/gcc/arm-none-eabi/11.3.1/../../../../arm-none-eabi/lib/thumb/v7-m/nofp/crt0.o
LOAD ./Core/Src/BLU.o
LOAD ./Core/Src/BUZZER_program.o
LOAD ./Core/Src/Communication.o
LOAD ./Core/Src/DC_Motor.o
LOAD ./Core/Src/LCD_program.o
LOAD ./Core/Src/LDR.o
LOAD ./Core/Src/LED_program.o
LOAD ./Core/Src/LIne_Detector.o
LOAD ./Core/Src/LM35.o
LOAD ./Core/Src/UltraSonic_program_.o
LOAD ./Core/Src/adc.o
LOAD ./Core/Src/freertos.o
LOAD ./Core/Src/gpio.o
LOAD ./Core/Src/i2c.o
LOAD ./Core/Src/main.o
LOAD ./Core/Src/mpu6050.o
LOAD ./Core/Src/stm32f1xx_hal_msp.o
LOAD ./Core/Src/stm32f1xx_it.o
LOAD ./Core/Src/syscalls.o
LOAD ./Core/Src/sysmem.o
LOAD ./Core/Src/system_stm32f1xx.o
LOAD ./Core/Src/tim.o
LOAD ./Core/Src/usart.o
LOAD ./Core/Startup/startup_stm32f103c6tx.o
LOAD ./Drivers/STM32F1xx_HAL_Driver/Src/stm32f1xx_hal.o
LOAD ./Drivers/STM32F1xx_HAL_Driver/Src/stm32f1xx_hal_adc.o
LOAD ./Drivers/STM32F1xx_HAL_Driver/Src/stm32f1xx_hal_adc_ex.o
LOAD ./Drivers/STM32F1xx_HAL_Driver/Src/stm32f1xx_hal_cortex.o
LOAD ./Drivers/STM32F1xx_HAL_Driver/Src/stm32f1xx_hal_dma.o
LOAD ./Drivers/STM32F1xx_HAL_Driver/Src/stm32f1xx_hal_exti.o
LOAD ./Drivers/STM32F1xx_HAL_Driver/Src/stm32f1xx_hal_flash.o
LOAD ./Drivers/STM32F1xx_HAL_Driver/Src/stm32f1xx_hal_flash_ex.o
LOAD ./Drivers/STM32F1xx_HAL_Driver/Src/stm32f1xx_hal_gpio.o
LOAD ./Drivers/STM32F1xx_HAL_Driver/Src/stm32f1xx_hal_gpio_ex.o
LOAD ./Drivers/STM32F1xx_HAL_Driver/Src/stm32f1xx_hal_i2c.o
LOAD ./Drivers/STM32F1xx_HAL_Driver/Src/stm32f1xx_hal_pwr.o
LOAD ./Drivers/STM32F1xx_HAL_Driver/Src/stm32f1xx_hal_rcc.o
LOAD ./Drivers/STM32F1xx_HAL_Driver/Src/stm32f1xx_hal_rcc_ex.o
LOAD ./Drivers/STM32F1xx_HAL_Driver/Src/stm32f1xx_hal_tim.o
LOAD ./Drivers/STM32F1xx_HAL_Driver/Src/stm32f1xx_hal_tim_ex.o
LOAD ./Drivers/STM32F1xx_HAL_Driver/Src/stm32f1xx_hal_uart.o
LOAD ./Middlewares/Third_Party/FreeRTOS/Source/CMSIS_RTOS/cmsis_os.o
LOAD ./Middlewares/Third_Party/FreeRTOS/Source/croutine.o
LOAD ./Middlewares/Third_Party/FreeRTOS/Source/event_groups.o
LOAD ./Middlewares/Third_Party/FreeRTOS/Source/list.o
LOAD ./Middlewares/Third_Party/FreeRTOS/Source/queue.o
LOAD ./Middlewares/Third_Party/FreeRTOS/Source/stream_buffer.o
LOAD ./Middlewares/Third_Party/FreeRTOS/Source/tasks.o
LOAD ./Middlewares/Third_Party/FreeRTOS/Source/timers.o
LOAD ./Middlewares/Third_Party/FreeRTOS/Source/portable/GCC/ARM_CM3/port.o
LOAD ./Middlewares/Third_Party/FreeRTOS/Source/portable/MemMang/heap_4.o
START GROUP
LOAD C:/ST/STM32CubeIDE_1.14.1/STM32CubeIDE/plugins/com.st.stm32cube.ide.mcu.externaltools.gnu-tools-for-stm32.11.3.rel1.win32_1.1.100.202309141235/tools/bin/../lib/gcc/arm-none-eabi/11.3.1/../../../../arm-none-eabi/lib/thumb/v7-m/nofp\libc_nano.a
LOAD C:/ST/STM32CubeIDE_1.14.1/STM32CubeIDE/plugins/com.st.stm32cube.ide.mcu.externaltools.gnu-tools-for-stm32.11.3.rel1.win32_1.1.100.202309141235/tools/bin/../lib/gcc/arm-none-eabi/11.3.1/../../../../arm-none-eabi/lib/thumb/v7-m/nofp\libm.a
END GROUP
START GROUP
LOAD C:/ST/STM32CubeIDE_1.14.1/STM32CubeIDE/plugins/com.st.stm32cube.ide.mcu.externaltools.gnu-tools-for-stm32.11.3.rel1.win32_1.1.100.202309141235/tools/bin/../lib/gcc/arm-none-eabi/11.3.1/thumb/v7-m/nofp\libgcc.a
LOAD C:/ST/STM32CubeIDE_1.14.1/STM32CubeIDE/plugins/com.st.stm32cube.ide.mcu.externaltools.gnu-tools-for-stm32.11.3.rel1.win32_1.1.100.202309141235/tools/bin/../lib/gcc/arm-none-eabi/11.3.1/../../../../arm-none-eabi/lib/thumb/v7-m/nofp\libc_nano.a
END GROUP
START GROUP
LOAD C:/ST/STM32CubeIDE_1.14.1/STM32CubeIDE/plugins/com.st.stm32cube.ide.mcu.externaltools.gnu-tools-for-stm32.11.3.rel1.win32_1.1.100.202309141235/tools/bin/../lib/gcc/arm-none-eabi/11.3.1/thumb/v7-m/nofp\libgcc.a
LOAD C:/ST/STM32CubeIDE_1.14.1/STM32CubeIDE/plugins/com.st.stm32cube.ide.mcu.externaltools.gnu-tools-for-stm32.11.3.rel1.win32_1.1.100.202309141235/tools/bin/../lib/gcc/arm-none-eabi/11.3.1/../../../../arm-none-eabi/lib/thumb/v7-m/nofp\libc_nano.a
LOAD C:/ST/STM32CubeIDE_1.14.1/STM32CubeIDE/plugins/com.st.stm32cube.ide.mcu.externaltools.gnu-tools-for-stm32.11.3.rel1.win32_1.1.100.202309141235/tools/bin/../lib/gcc/arm-none-eabi/11.3.1/../../../../arm-none-eabi/lib/thumb/v7-m/nofp\libnosys.a
END GROUP
START GROUP
LOAD C:/ST/STM32CubeIDE_1.14.1/STM32CubeIDE/plugins/com.st.stm32cube.ide.mcu.externaltools.gnu-tools-for-stm32.11.3.rel1.win32_1.1.100.202309141235/tools/bin/../lib/gcc/arm-none-eabi/11.3.1/thumb/v7-m/nofp\libgcc.a
LOAD C:/ST/STM32CubeIDE_1.14.1/STM32CubeIDE/plugins/com.st.stm32cube.ide.mcu.externaltools.gnu-tools-for-stm32.11.3.rel1.win32_1.1.100.202309141235/tools/bin/../lib/gcc/arm-none-eabi/11.3.1/../../../../arm-none-eabi/lib/thumb/v7-m/nofp\libc_nano.a
LOAD C:/ST/STM32CubeIDE_1.14.1/STM32CubeIDE/plugins/com.st.stm32cube.ide.mcu.externaltools.gnu-tools-for-stm32.11.3.rel1.win32_1.1.100.202309141235/tools/bin/../lib/gcc/arm-none-eabi/11.3.1/../../../../arm-none-eabi/lib/thumb/v7-m/nofp\libnosys.a
END GROUP
LOAD C:/ST/STM32CubeIDE_1.14.1/STM32CubeIDE/plugins/com.st.stm32cube.ide.mcu.externaltools.gnu-tools-for-stm32.11.3.rel1.win32_1.1.100.202309141235/tools/bin/../lib/gcc/arm-none-eabi/11.3.1/thumb/v7-m/nofp/crtend.o
LOAD C:/ST/STM32CubeIDE_1.14.1/STM32CubeIDE/plugins/com.st.stm32cube.ide.mcu.externaltools.gnu-tools-for-stm32.11.3.rel1.win32_1.1.100.202309141235/tools/bin/../lib/gcc/arm-none-eabi/11.3.1/thumb/v7-m/nofp/crtn.o
                0x0000000020002800                _estack = (ORIGIN (RAM) + LENGTH (RAM))
                0x0000000000000200                _Min_Heap_Size = 0x200
                0x0000000000000400                _Min_Stack_Size = 0x400

.isr_vector     0x0000000008000000      0x10c
                0x0000000008000000                . = ALIGN (0x4)
 *(.isr_vector)
 .isr_vector    0x0000000008000000      0x10c ./Core/Startup/startup_stm32f103c6tx.o
                0x0000000008000000                g_pfnVectors
                0x000000000800010c                . = ALIGN (0x4)

.text           0x0000000008000110     0x739c
                0x0000000008000110                . = ALIGN (0x4)
 *(.text)
 .text          0x0000000008000110       0x40 C:/ST/STM32CubeIDE_1.14.1/STM32CubeIDE/plugins/com.st.stm32cube.ide.mcu.externaltools.gnu-tools-for-stm32.11.3.rel1.win32_1.1.100.202309141235/tools/bin/../lib/gcc/arm-none-eabi/11.3.1/thumb/v7-m/nofp/crtbegin.o
 .text          0x0000000008000150      0x378 C:/ST/STM32CubeIDE_1.14.1/STM32CubeIDE/plugins/com.st.stm32cube.ide.mcu.externaltools.gnu-tools-for-stm32.11.3.rel1.win32_1.1.100.202309141235/tools/bin/../lib/gcc/arm-none-eabi/11.3.1/thumb/v7-m/nofp\libgcc.a(_arm_addsubdf3.o)
                0x0000000008000150                __aeabi_drsub
                0x0000000008000158                __aeabi_dsub
                0x0000000008000158                __subdf3
                0x000000000800015c                __aeabi_dadd
                0x000000000800015c                __adddf3
                0x00000000080003d4                __floatunsidf
                0x00000000080003d4                __aeabi_ui2d
                0x00000000080003f4                __floatsidf
                0x00000000080003f4                __aeabi_i2d
                0x0000000008000418                __aeabi_f2d
                0x0000000008000418                __extendsfdf2
                0x000000000800045c                __floatundidf
                0x000000000800045c                __aeabi_ul2d
                0x000000000800046c                __floatdidf
                0x000000000800046c                __aeabi_l2d
 .text          0x00000000080004c8      0x424 C:/ST/STM32CubeIDE_1.14.1/STM32CubeIDE/plugins/com.st.stm32cube.ide.mcu.externaltools.gnu-tools-for-stm32.11.3.rel1.win32_1.1.100.202309141235/tools/bin/../lib/gcc/arm-none-eabi/11.3.1/thumb/v7-m/nofp\libgcc.a(_arm_muldivdf3.o)
                0x00000000080004c8                __aeabi_dmul
                0x00000000080004c8                __muldf3
                0x000000000800071c                __divdf3
                0x000000000800071c                __aeabi_ddiv
 .text          0x00000000080008ec      0x110 C:/ST/STM32CubeIDE_1.14.1/STM32CubeIDE/plugins/com.st.stm32cube.ide.mcu.externaltools.gnu-tools-for-stm32.11.3.rel1.win32_1.1.100.202309141235/tools/bin/../lib/gcc/arm-none-eabi/11.3.1/thumb/v7-m/nofp\libgcc.a(_arm_cmpdf2.o)
                0x00000000080008ec                __gtdf2
                0x00000000080008ec                __gedf2
                0x00000000080008f4                __ltdf2
                0x00000000080008f4                __ledf2
                0x00000000080008fc                __nedf2
                0x00000000080008fc                __eqdf2
                0x00000000080008fc                __cmpdf2
                0x0000000008000978                __aeabi_cdrcmple
                0x0000000008000988                __aeabi_cdcmpeq
                0x0000000008000988                __aeabi_cdcmple
                0x0000000008000998                __aeabi_dcmpeq
                0x00000000080009ac                __aeabi_dcmplt
                0x00000000080009c0                __aeabi_dcmple
                0x00000000080009d4                __aeabi_dcmpge
                0x00000000080009e8                __aeabi_dcmpgt
 .text          0x00000000080009fc       0x2c C:/ST/STM32CubeIDE_1.14.1/STM32CubeIDE/plugins/com.st.stm32cube.ide.mcu.externaltools.gnu-tools-for-stm32.11.3.rel1.win32_1.1.100.202309141235/tools/bin/../lib/gcc/arm-none-eabi/11.3.1/thumb/v7-m/nofp\libgcc.a(_arm_unorddf2.o)
                0x00000000080009fc                __unorddf2
                0x00000000080009fc                __aeabi_dcmpun
 .text          0x0000000008000a28       0xa0 C:/ST/STM32CubeIDE_1.14.1/STM32CubeIDE/plugins/com.st.stm32cube.ide.mcu.externaltools.gnu-tools-for-stm32.11.3.rel1.win32_1.1.100.202309141235/tools/bin/../lib/gcc/arm-none-eabi/11.3.1/thumb/v7-m/nofp\libgcc.a(_arm_truncdfsf2.o)
                0x0000000008000a28                __truncdfsf2
                0x0000000008000a28                __aeabi_d2f
 .text          0x0000000008000ac8      0x21c C:/ST/STM32CubeIDE_1.14.1/STM32CubeIDE/plugins/com.st.stm32cube.ide.mcu.externaltools.gnu-tools-for-stm32.11.3.rel1.win32_1.1.100.202309141235/tools/bin/../lib/gcc/arm-none-eabi/11.3.1/thumb/v7-m/nofp\libgcc.a(_arm_addsubsf3.o)
                0x0000000008000ac8                __aeabi_frsub
                0x0000000008000ad0                __subsf3
                0x0000000008000ad0                __aeabi_fsub
                0x0000000008000ad4                __aeabi_fadd
                0x0000000008000ad4                __addsf3
                0x0000000008000c34                __aeabi_ui2f
                0x0000000008000c34                __floatunsisf
                0x0000000008000c3c                __aeabi_i2f
                0x0000000008000c3c                __floatsisf
                0x0000000008000c58                __aeabi_ul2f
                0x0000000008000c58                __floatundisf
                0x0000000008000c68                __aeabi_l2f
                0x0000000008000c68                __floatdisf
 .text          0x0000000008000ce4      0x2a0 C:/ST/STM32CubeIDE_1.14.1/STM32CubeIDE/plugins/com.st.stm32cube.ide.mcu.externaltools.gnu-tools-for-stm32.11.3.rel1.win32_1.1.100.202309141235/tools/bin/../lib/gcc/arm-none-eabi/11.3.1/thumb/v7-m/nofp\libgcc.a(_arm_muldivsf3.o)
                0x0000000008000ce4                __mulsf3
                0x0000000008000ce4                __aeabi_fmul
                0x0000000008000e4c                __aeabi_fdiv
                0x0000000008000e4c                __divsf3
 .text          0x0000000008000f84       0xec C:/ST/STM32CubeIDE_1.14.1/STM32CubeIDE/plugins/com.st.stm32cube.ide.mcu.externaltools.gnu-tools-for-stm32.11.3.rel1.win32_1.1.100.202309141235/tools/bin/../lib/gcc/arm-none-eabi/11.3.1/thumb/v7-m/nofp\libgcc.a(_arm_cmpsf2.o)
                0x0000000008000f84                __gesf2
                0x0000000008000f84                __gtsf2
                0x0000000008000f8c                __lesf2
                0x0000000008000f8c                __ltsf2
                0x0000000008000f94                __nesf2
                0x0000000008000f94                __eqsf2
                0x0000000008000f94                __cmpsf2
                0x0000000008000ff4                __aeabi_cfrcmple
                0x0000000008000ffc                __aeabi_cfcmpeq
                0x0000000008000ffc                __aeabi_cfcmple
                0x000000000800100c                __aeabi_fcmpeq
                0x0000000008001020                __aeabi_fcmplt
                0x0000000008001034                __aeabi_fcmple
                0x0000000008001048                __aeabi_fcmpge
                0x000000000800105c                __aeabi_fcmpgt
 *(.text*)
 .text.BLU_voidReceivePolling
                0x0000000008001070       0x20 ./Core/Src/BLU.o
                0x0000000008001070                BLU_voidReceivePolling
 .text.BUZZER_voidTurnOn
                0x0000000008001090       0x10 ./Core/Src/BUZZER_program.o
                0x0000000008001090                BUZZER_voidTurnOn
 .text.BUZZER_voidTurnOff
                0x00000000080010a0       0x10 ./Core/Src/BUZZER_program.o
                0x00000000080010a0                BUZZER_voidTurnOff
 .text.BUZZER_voidToggle
                0x00000000080010b0        0xc ./Core/Src/BUZZER_program.o
                0x00000000080010b0                BUZZER_voidToggle
 .text.DC_voidInit
                0x00000000080010bc        0xc ./Core/Src/DC_Motor.o
                0x00000000080010bc                DC_voidInit
 .text.DC_voidMoveForward
                0x00000000080010c8       0x2c ./Core/Src/DC_Motor.o
                0x00000000080010c8                DC_voidMoveForward
 .text.DC_voidMoveForwardRight
                0x00000000080010f4       0x48 ./Core/Src/DC_Motor.o
                0x00000000080010f4                DC_voidMoveForwardRight
 .text.DC_voidMoveForwardLeft
                0x000000000800113c       0x48 ./Core/Src/DC_Motor.o
                0x000000000800113c                DC_voidMoveForwardLeft
 .text.DC_voidMoveBackward
                0x0000000008001184       0x2c ./Core/Src/DC_Motor.o
                0x0000000008001184                DC_voidMoveBackward
 .text.DC_voidTurnRight
                0x00000000080011b0       0x24 ./Core/Src/DC_Motor.o
                0x00000000080011b0                DC_voidTurnRight
 .text.DC_voidTurnLeft
                0x00000000080011d4       0x24 ./Core/Src/DC_Motor.o
                0x00000000080011d4                DC_voidTurnLeft
 .text.DC_voidStop
                0x00000000080011f8       0x3c ./Core/Src/DC_Motor.o
                0x00000000080011f8                DC_voidStop
 .text.LCD_voidWriteCommand
                0x0000000008001234       0xe0 ./Core/Src/LCD_program.o
                0x0000000008001234                LCD_voidWriteCommand
 .text.LCD_voidInit
                0x0000000008001314       0x5c ./Core/Src/LCD_program.o
                0x0000000008001314                LCD_voidInit
 .text.LCD_voidWriteData
                0x0000000008001370       0xe0 ./Core/Src/LCD_program.o
                0x0000000008001370                LCD_voidWriteData
 .text.LCD_voidSetCursor
                0x0000000008001450        0xc ./Core/Src/LCD_program.o
                0x0000000008001450                LCD_voidSetCursor
 .text.LCD_voidWriteString
                0x000000000800145c       0x18 ./Core/Src/LCD_program.o
                0x000000000800145c                LCD_voidWriteString
 .text.LCD_voidWriteNum
                0x0000000008001474       0x54 ./Core/Src/LCD_program.o
                0x0000000008001474                LCD_voidWriteNum
 .text.LED_voidTurnOn
                0x00000000080014c8       0x10 ./Core/Src/LED_program.o
                0x00000000080014c8                LED_voidTurnOn
 .text.LED_voidTurnOff
                0x00000000080014d8       0x10 ./Core/Src/LED_program.o
                0x00000000080014d8                LED_voidTurnOff
 .text.LED_voidToggle
                0x00000000080014e8        0xc ./Core/Src/LED_program.o
                0x00000000080014e8                LED_voidToggle
 .text.LineDetector_voidRead
                0x00000000080014f4       0x28 ./Core/Src/LIne_Detector.o
                0x00000000080014f4                LineDetector_voidRead
 .text.LM35_fReadTemperature
                0x000000000800151c       0x54 ./Core/Src/LM35.o
                0x000000000800151c                LM35_fReadTemperature
 .text.HAL_TIM_IC_CaptureCallback
                0x0000000008001570      0x2d4 ./Core/Src/UltraSonic_program_.o
                0x0000000008001570                HAL_TIM_IC_CaptureCallback
 .text.UltraSonic_INIT_TIMER1_ALL_CHANNEL
                0x0000000008001844       0x2c ./Core/Src/UltraSonic_program_.o
                0x0000000008001844                UltraSonic_INIT_TIMER1_ALL_CHANNEL
 .text.UltraSonic_INIT_TIMER3_Ch1_ch2
                0x0000000008001870       0x1c ./Core/Src/UltraSonic_program_.o
                0x0000000008001870                UltraSonic_INIT_TIMER3_Ch1_ch2
 *fill*         0x000000000800188c        0x4 
 .text.UltraSonic_Get_Distance_TIMER1_ALL_CHANNEL
                0x0000000008001890      0x14c ./Core/Src/UltraSonic_program_.o
                0x0000000008001890                UltraSonic_Get_Distance_TIMER1_ALL_CHANNEL
 *fill*         0x00000000080019dc        0x4 
 .text.UltraSonic_Get_Distance_TIMER3_Ch1_ch2
                0x00000000080019e0       0xdc ./Core/Src/UltraSonic_program_.o
                0x00000000080019e0                UltraSonic_Get_Distance_TIMER3_Ch1_ch2
 .text.MX_ADC1_Init
                0x0000000008001abc       0x58 ./Core/Src/adc.o
                0x0000000008001abc                MX_ADC1_Init
 .text.MX_ADC2_Init
                0x0000000008001b14       0x58 ./Core/Src/adc.o
                0x0000000008001b14                MX_ADC2_Init
 .text.HAL_ADC_MspInit
                0x0000000008001b6c       0xa8 ./Core/Src/adc.o
                0x0000000008001b6c                HAL_ADC_MspInit
 .text.StartDefaultTask
                0x0000000008001c14        0xc ./Core/Src/freertos.o
                0x0000000008001c14                StartDefaultTask
 .text.vApplicationGetIdleTaskMemory
                0x0000000008001c20       0x1c ./Core/Src/freertos.o
                0x0000000008001c20                vApplicationGetIdleTaskMemory
 .text.MX_FREERTOS_Init
                0x0000000008001c3c       0x30 ./Core/Src/freertos.o
                0x0000000008001c3c                MX_FREERTOS_Init
 .text.MX_GPIO_Init
                0x0000000008001c6c      0x100 ./Core/Src/gpio.o
                0x0000000008001c6c                MX_GPIO_Init
 .text.MX_I2C1_Init
                0x0000000008001d6c       0x3c ./Core/Src/i2c.o
                0x0000000008001d6c                MX_I2C1_Init
 .text.HAL_I2C_MspInit
                0x0000000008001da8       0x78 ./Core/Src/i2c.o
                0x0000000008001da8                HAL_I2C_MspInit
 .text.Data_Acq_Task
                0x0000000008001e20       0x60 ./Core/Src/main.o
                0x0000000008001e20                Data_Acq_Task
 .text.Auto_Motion_Task
                0x0000000008001e80      0x180 ./Core/Src/main.o
                0x0000000008001e80                Auto_Motion_Task
 .text.Display_Task
                0x0000000008002000      0x168 ./Core/Src/main.o
                0x0000000008002000                Display_Task
 .text.BLE_Read_Task
                0x0000000008002168      0x118 ./Core/Src/main.o
                0x0000000008002168                BLE_Read_Task
 .text.Autonomous_Task
                0x0000000008002280       0xc0 ./Core/Src/main.o
                0x0000000008002280                Autonomous_Task
 .text.Action_Task
                0x0000000008002340      0x170 ./Core/Src/main.o
                0x0000000008002340                Action_Task
 .text.SystemClock_Config
                0x00000000080024b0       0x7c ./Core/Src/main.o
                0x00000000080024b0                SystemClock_Config
 .text.startup.main
                0x000000000800252c       0xfc ./Core/Src/main.o
                0x000000000800252c                main
 .text.Error_Handler
                0x0000000008002628        0x4 ./Core/Src/main.o
                0x0000000008002628                Error_Handler
 .text.MPU6050_Init
                0x000000000800262c       0xa0 ./Core/Src/mpu6050.o
                0x000000000800262c                MPU6050_Init
 .text.Kalman_getAngle
                0x00000000080026cc      0x1d0 ./Core/Src/mpu6050.o
                0x00000000080026cc                Kalman_getAngle
 *fill*         0x000000000800289c        0x4 
 .text.MPU6050_Read_All
                0x00000000080028a0      0x284 ./Core/Src/mpu6050.o
                0x00000000080028a0                MPU6050_Read_All
 .text.HAL_MspInit
                0x0000000008002b24       0x50 ./Core/Src/stm32f1xx_hal_msp.o
                0x0000000008002b24                HAL_MspInit
 .text.NMI_Handler
                0x0000000008002b74        0x4 ./Core/Src/stm32f1xx_it.o
                0x0000000008002b74                NMI_Handler
 .text.HardFault_Handler
                0x0000000008002b78        0x4 ./Core/Src/stm32f1xx_it.o
                0x0000000008002b78                HardFault_Handler
 .text.MemManage_Handler
                0x0000000008002b7c        0x4 ./Core/Src/stm32f1xx_it.o
                0x0000000008002b7c                MemManage_Handler
 .text.BusFault_Handler
                0x0000000008002b80        0x4 ./Core/Src/stm32f1xx_it.o
                0x0000000008002b80                BusFault_Handler
 .text.UsageFault_Handler
                0x0000000008002b84        0x4 ./Core/Src/stm32f1xx_it.o
                0x0000000008002b84                UsageFault_Handler
 .text.DebugMon_Handler
                0x0000000008002b88        0x4 ./Core/Src/stm32f1xx_it.o
                0x0000000008002b88                DebugMon_Handler
 .text.SysTick_Handler
                0x0000000008002b8c       0x18 ./Core/Src/stm32f1xx_it.o
                0x0000000008002b8c                SysTick_Handler
 .text.TIM1_CC_IRQHandler
                0x0000000008002ba4        0xc ./Core/Src/stm32f1xx_it.o
                0x0000000008002ba4                TIM1_CC_IRQHandler
 .text.TIM3_IRQHandler
                0x0000000008002bb0        0xc ./Core/Src/stm32f1xx_it.o
                0x0000000008002bb0                TIM3_IRQHandler
 .text.USART2_IRQHandler
                0x0000000008002bbc        0xc ./Core/Src/stm32f1xx_it.o
                0x0000000008002bbc                USART2_IRQHandler
 .text.SystemInit
                0x0000000008002bc8        0x4 ./Core/Src/system_stm32f1xx.o
                0x0000000008002bc8                SystemInit
 .text.MX_TIM1_Init
                0x0000000008002bcc       0xe0 ./Core/Src/tim.o
                0x0000000008002bcc                MX_TIM1_Init
 .text.MX_TIM3_Init
                0x0000000008002cac       0xb4 ./Core/Src/tim.o
                0x0000000008002cac                MX_TIM3_Init
 .text.HAL_TIM_Base_MspInit
                0x0000000008002d60       0xe8 ./Core/Src/tim.o
                0x0000000008002d60                HAL_TIM_Base_MspInit
 .text.HAL_TIM_MspPostInit
                0x0000000008002e48       0x68 ./Core/Src/tim.o
                0x0000000008002e48                HAL_TIM_MspPostInit
 .text.MX_TIM2_Init
                0x0000000008002eb0       0xb0 ./Core/Src/tim.o
                0x0000000008002eb0                MX_TIM2_Init
 .text.MX_USART1_UART_Init
                0x0000000008002f60       0x38 ./Core/Src/usart.o
                0x0000000008002f60                MX_USART1_UART_Init
 .text.MX_USART2_UART_Init
                0x0000000008002f98       0x38 ./Core/Src/usart.o
                0x0000000008002f98                MX_USART2_UART_Init
 .text.HAL_UART_MspInit
                0x0000000008002fd0       0xf0 ./Core/Src/usart.o
                0x0000000008002fd0                HAL_UART_MspInit
 .text.Reset_Handler
                0x00000000080030c0       0x48 ./Core/Startup/startup_stm32f103c6tx.o
                0x00000000080030c0                Reset_Handler
 .text.Default_Handler
                0x0000000008003108        0x2 ./Core/Startup/startup_stm32f103c6tx.o
                0x0000000008003108                RTC_Alarm_IRQHandler
                0x0000000008003108                EXTI2_IRQHandler
                0x0000000008003108                PVD_IRQHandler
                0x0000000008003108                EXTI3_IRQHandler
                0x0000000008003108                EXTI0_IRQHandler
                0x0000000008003108                ADC1_2_IRQHandler
                0x0000000008003108                SPI1_IRQHandler
                0x0000000008003108                TAMPER_IRQHandler
                0x0000000008003108                DMA1_Channel4_IRQHandler
                0x0000000008003108                RTC_IRQHandler
                0x0000000008003108                DMA1_Channel7_IRQHandler
                0x0000000008003108                CAN1_RX1_IRQHandler
                0x0000000008003108                I2C1_EV_IRQHandler
                0x0000000008003108                DMA1_Channel6_IRQHandler
                0x0000000008003108                RCC_IRQHandler
                0x0000000008003108                TIM1_TRG_COM_IRQHandler
                0x0000000008003108                DMA1_Channel1_IRQHandler
                0x0000000008003108                Default_Handler
                0x0000000008003108                EXTI15_10_IRQHandler
                0x0000000008003108                EXTI9_5_IRQHandler
                0x0000000008003108                DMA1_Channel5_IRQHandler
                0x0000000008003108                EXTI4_IRQHandler
                0x0000000008003108                USB_LP_CAN1_RX0_IRQHandler
                0x0000000008003108                USB_HP_CAN1_TX_IRQHandler
                0x0000000008003108                DMA1_Channel3_IRQHandler
                0x0000000008003108                TIM1_UP_IRQHandler
                0x0000000008003108                WWDG_IRQHandler
                0x0000000008003108                TIM2_IRQHandler
                0x0000000008003108                TIM1_BRK_IRQHandler
                0x0000000008003108                EXTI1_IRQHandler
                0x0000000008003108                DMA1_Channel2_IRQHandler
                0x0000000008003108                CAN1_SCE_IRQHandler
                0x0000000008003108                FLASH_IRQHandler
                0x0000000008003108                USART1_IRQHandler
                0x0000000008003108                I2C1_ER_IRQHandler
                0x0000000008003108                USBWakeUp_IRQHandler
 *fill*         0x000000000800310a        0x2 
 .text.HAL_InitTick
                0x000000000800310c       0x48 ./Drivers/STM32F1xx_HAL_Driver/Src/stm32f1xx_hal.o
                0x000000000800310c                HAL_InitTick
 .text.HAL_Init
                0x0000000008003154       0x24 ./Drivers/STM32F1xx_HAL_Driver/Src/stm32f1xx_hal.o
                0x0000000008003154                HAL_Init
 .text.HAL_IncTick
                0x0000000008003178       0x18 ./Drivers/STM32F1xx_HAL_Driver/Src/stm32f1xx_hal.o
                0x0000000008003178                HAL_IncTick
 .text.HAL_GetTick
                0x0000000008003190        0xc ./Drivers/STM32F1xx_HAL_Driver/Src/stm32f1xx_hal.o
                0x0000000008003190                HAL_GetTick
 .text.HAL_ADC_PollForConversion
                0x000000000800319c      0x164 ./Drivers/STM32F1xx_HAL_Driver/Src/stm32f1xx_hal_adc.o
                0x000000000800319c                HAL_ADC_PollForConversion
 .text.HAL_ADC_GetValue
                0x0000000008003300        0x8 ./Drivers/STM32F1xx_HAL_Driver/Src/stm32f1xx_hal_adc.o
                0x0000000008003300                HAL_ADC_GetValue
 .text.HAL_ADC_ConfigChannel
                0x0000000008003308      0x134 ./Drivers/STM32F1xx_HAL_Driver/Src/stm32f1xx_hal_adc.o
                0x0000000008003308                HAL_ADC_ConfigChannel
 .text.ADC_Enable
                0x000000000800343c       0x88 ./Drivers/STM32F1xx_HAL_Driver/Src/stm32f1xx_hal_adc.o
                0x000000000800343c                ADC_Enable
 .text.HAL_ADC_Start
                0x00000000080034c4       0xcc ./Drivers/STM32F1xx_HAL_Driver/Src/stm32f1xx_hal_adc.o
                0x00000000080034c4                HAL_ADC_Start
 .text.ADC_ConversionStop_Disable
                0x0000000008003590       0x54 ./Drivers/STM32F1xx_HAL_Driver/Src/stm32f1xx_hal_adc.o
                0x0000000008003590                ADC_ConversionStop_Disable
 .text.HAL_ADC_Init
                0x00000000080035e4      0x144 ./Drivers/STM32F1xx_HAL_Driver/Src/stm32f1xx_hal_adc.o
                0x00000000080035e4                HAL_ADC_Init
 .text.HAL_ADC_Stop
                0x0000000008003728       0x34 ./Drivers/STM32F1xx_HAL_Driver/Src/stm32f1xx_hal_adc.o
                0x0000000008003728                HAL_ADC_Stop
 .text.HAL_NVIC_SetPriorityGrouping
                0x000000000800375c       0x24 ./Drivers/STM32F1xx_HAL_Driver/Src/stm32f1xx_hal_cortex.o
                0x000000000800375c                HAL_NVIC_SetPriorityGrouping
 .text.HAL_NVIC_SetPriority
                0x0000000008003780       0x7c ./Drivers/STM32F1xx_HAL_Driver/Src/stm32f1xx_hal_cortex.o
                0x0000000008003780                HAL_NVIC_SetPriority
 .text.HAL_NVIC_EnableIRQ
                0x00000000080037fc       0x1c ./Drivers/STM32F1xx_HAL_Driver/Src/stm32f1xx_hal_cortex.o
                0x00000000080037fc                HAL_NVIC_EnableIRQ
 .text.HAL_SYSTICK_Config
                0x0000000008003818       0x30 ./Drivers/STM32F1xx_HAL_Driver/Src/stm32f1xx_hal_cortex.o
                0x0000000008003818                HAL_SYSTICK_Config
 .text.HAL_DMA_Abort
                0x0000000008003848       0x48 ./Drivers/STM32F1xx_HAL_Driver/Src/stm32f1xx_hal_dma.o
                0x0000000008003848                HAL_DMA_Abort
 .text.HAL_DMA_Abort_IT
                0x0000000008003890       0x98 ./Drivers/STM32F1xx_HAL_Driver/Src/stm32f1xx_hal_dma.o
                0x0000000008003890                HAL_DMA_Abort_IT
 .text.HAL_GPIO_Init
                0x0000000008003928      0x200 ./Drivers/STM32F1xx_HAL_Driver/Src/stm32f1xx_hal_gpio.o
                0x0000000008003928                HAL_GPIO_Init
 .text.HAL_GPIO_ReadPin
                0x0000000008003b28        0xc ./Drivers/STM32F1xx_HAL_Driver/Src/stm32f1xx_hal_gpio.o
                0x0000000008003b28                HAL_GPIO_ReadPin
 .text.HAL_GPIO_WritePin
                0x0000000008003b34        0x8 ./Drivers/STM32F1xx_HAL_Driver/Src/stm32f1xx_hal_gpio.o
                0x0000000008003b34                HAL_GPIO_WritePin
 .text.HAL_GPIO_TogglePin
                0x0000000008003b3c       0x14 ./Drivers/STM32F1xx_HAL_Driver/Src/stm32f1xx_hal_gpio.o
                0x0000000008003b3c                HAL_GPIO_TogglePin
 .text.I2C_WaitOnFlagUntilTimeout
                0x0000000008003b50       0x94 ./Drivers/STM32F1xx_HAL_Driver/Src/stm32f1xx_hal_i2c.o
 .text.I2C_WaitOnMasterAddressFlagUntilTimeout
                0x0000000008003be4       0xa4 ./Drivers/STM32F1xx_HAL_Driver/Src/stm32f1xx_hal_i2c.o
 .text.I2C_WaitOnRXNEFlagUntilTimeout
                0x0000000008003c88       0x74 ./Drivers/STM32F1xx_HAL_Driver/Src/stm32f1xx_hal_i2c.o
 .text.I2C_WaitOnTXEFlagUntilTimeout
                0x0000000008003cfc       0x78 ./Drivers/STM32F1xx_HAL_Driver/Src/stm32f1xx_hal_i2c.o
 .text.I2C_WaitOnBTFFlagUntilTimeout
                0x0000000008003d74       0x78 ./Drivers/STM32F1xx_HAL_Driver/Src/stm32f1xx_hal_i2c.o
 .text.I2C_RequestMemoryWrite
                0x0000000008003dec       0xfc ./Drivers/STM32F1xx_HAL_Driver/Src/stm32f1xx_hal_i2c.o
 .text.I2C_RequestMemoryRead
                0x0000000008003ee8      0x154 ./Drivers/STM32F1xx_HAL_Driver/Src/stm32f1xx_hal_i2c.o
 .text.HAL_I2C_Init
                0x000000000800403c      0x18c ./Drivers/STM32F1xx_HAL_Driver/Src/stm32f1xx_hal_i2c.o
                0x000000000800403c                HAL_I2C_Init
 .text.HAL_I2C_Mem_Write
                0x00000000080041c8      0x148 ./Drivers/STM32F1xx_HAL_Driver/Src/stm32f1xx_hal_i2c.o
                0x00000000080041c8                HAL_I2C_Mem_Write
 .text.HAL_I2C_Mem_Read
                0x0000000008004310      0x2b4 ./Drivers/STM32F1xx_HAL_Driver/Src/stm32f1xx_hal_i2c.o
                0x0000000008004310                HAL_I2C_Mem_Read
 .text.HAL_RCC_OscConfig
                0x00000000080045c4      0x3e0 ./Drivers/STM32F1xx_HAL_Driver/Src/stm32f1xx_hal_rcc.o
                0x00000000080045c4                HAL_RCC_OscConfig
 .text.HAL_RCC_GetSysClockFreq
                0x00000000080049a4       0x50 ./Drivers/STM32F1xx_HAL_Driver/Src/stm32f1xx_hal_rcc.o
                0x00000000080049a4                HAL_RCC_GetSysClockFreq
 .text.HAL_RCC_ClockConfig
                0x00000000080049f4      0x140 ./Drivers/STM32F1xx_HAL_Driver/Src/stm32f1xx_hal_rcc.o
                0x00000000080049f4                HAL_RCC_ClockConfig
 .text.HAL_RCC_GetPCLK1Freq
                0x0000000008004b34       0x20 ./Drivers/STM32F1xx_HAL_Driver/Src/stm32f1xx_hal_rcc.o
                0x0000000008004b34                HAL_RCC_GetPCLK1Freq
 .text.HAL_RCC_GetPCLK2Freq
                0x0000000008004b54       0x20 ./Drivers/STM32F1xx_HAL_Driver/Src/stm32f1xx_hal_rcc.o
                0x0000000008004b54                HAL_RCC_GetPCLK2Freq
 .text.HAL_RCCEx_PeriphCLKConfig
                0x0000000008004b74      0x104 ./Drivers/STM32F1xx_HAL_Driver/Src/stm32f1xx_hal_rcc_ex.o
                0x0000000008004b74                HAL_RCCEx_PeriphCLKConfig
 .text.HAL_RCCEx_GetPeriphCLKFreq
                0x0000000008004c78       0xd0 ./Drivers/STM32F1xx_HAL_Driver/Src/stm32f1xx_hal_rcc_ex.o
                0x0000000008004c78                HAL_RCCEx_GetPeriphCLKFreq
 .text.TIM_OC1_SetConfig
                0x0000000008004d48       0x54 ./Drivers/STM32F1xx_HAL_Driver/Src/stm32f1xx_hal_tim.o
 .text.TIM_OC3_SetConfig
                0x0000000008004d9c       0x58 ./Drivers/STM32F1xx_HAL_Driver/Src/stm32f1xx_hal_tim.o
 .text.TIM_OC4_SetConfig
                0x0000000008004df4       0x4c ./Drivers/STM32F1xx_HAL_Driver/Src/stm32f1xx_hal_tim.o
 .text.HAL_TIM_OC_Start
                0x0000000008004e40       0xb0 ./Drivers/STM32F1xx_HAL_Driver/Src/stm32f1xx_hal_tim.o
                0x0000000008004e40                HAL_TIM_OC_Start
 .text.HAL_TIM_PWM_MspInit
                0x0000000008004ef0        0x4 ./Drivers/STM32F1xx_HAL_Driver/Src/stm32f1xx_hal_tim.o
                0x0000000008004ef0                HAL_TIM_PWM_MspInit
 .text.HAL_TIM_PWM_Start
                0x0000000008004ef4        0x4 ./Drivers/STM32F1xx_HAL_Driver/Src/stm32f1xx_hal_tim.o
                0x0000000008004ef4                HAL_TIM_PWM_Start
 .text.HAL_TIM_IC_MspInit
                0x0000000008004ef8        0x4 ./Drivers/STM32F1xx_HAL_Driver/Src/stm32f1xx_hal_tim.o
                0x0000000008004ef8                HAL_TIM_IC_MspInit
 .text.HAL_TIM_IC_Start_IT
                0x0000000008004efc      0x128 ./Drivers/STM32F1xx_HAL_Driver/Src/stm32f1xx_hal_tim.o
                0x0000000008004efc                HAL_TIM_IC_Start_IT
 .text.HAL_TIM_ConfigClockSource
                0x0000000008005024      0x160 ./Drivers/STM32F1xx_HAL_Driver/Src/stm32f1xx_hal_tim.o
                0x0000000008005024                HAL_TIM_ConfigClockSource
 .text.HAL_TIM_PeriodElapsedCallback
                0x0000000008005184        0x4 ./Drivers/STM32F1xx_HAL_Driver/Src/stm32f1xx_hal_tim.o
                0x0000000008005184                HAL_TIM_PeriodElapsedCallback
 .text.HAL_TIM_OC_DelayElapsedCallback
                0x0000000008005188        0x4 ./Drivers/STM32F1xx_HAL_Driver/Src/stm32f1xx_hal_tim.o
                0x0000000008005188                HAL_TIM_OC_DelayElapsedCallback
 .text.HAL_TIM_PWM_PulseFinishedCallback
                0x000000000800518c        0x4 ./Drivers/STM32F1xx_HAL_Driver/Src/stm32f1xx_hal_tim.o
                0x000000000800518c                HAL_TIM_PWM_PulseFinishedCallback
 .text.HAL_TIM_TriggerCallback
                0x0000000008005190        0x4 ./Drivers/STM32F1xx_HAL_Driver/Src/stm32f1xx_hal_tim.o
                0x0000000008005190                HAL_TIM_TriggerCallback
 .text.HAL_TIM_IRQHandler
                0x0000000008005194      0x13c ./Drivers/STM32F1xx_HAL_Driver/Src/stm32f1xx_hal_tim.o
                0x0000000008005194                HAL_TIM_IRQHandler
 .text.TIM_Base_SetConfig
                0x00000000080052d0       0x90 ./Drivers/STM32F1xx_HAL_Driver/Src/stm32f1xx_hal_tim.o
                0x00000000080052d0                TIM_Base_SetConfig
 .text.HAL_TIM_Base_Init
                0x0000000008005360       0x5c ./Drivers/STM32F1xx_HAL_Driver/Src/stm32f1xx_hal_tim.o
                0x0000000008005360                HAL_TIM_Base_Init
 .text.HAL_TIM_PWM_Init
                0x00000000080053bc       0x5c ./Drivers/STM32F1xx_HAL_Driver/Src/stm32f1xx_hal_tim.o
                0x00000000080053bc                HAL_TIM_PWM_Init
 .text.HAL_TIM_IC_Init
                0x0000000008005418       0x5c ./Drivers/STM32F1xx_HAL_Driver/Src/stm32f1xx_hal_tim.o
                0x0000000008005418                HAL_TIM_IC_Init
 .text.TIM_OC2_SetConfig
                0x0000000008005474       0x5c ./Drivers/STM32F1xx_HAL_Driver/Src/stm32f1xx_hal_tim.o
                0x0000000008005474                TIM_OC2_SetConfig
 .text.HAL_TIM_PWM_ConfigChannel
                0x00000000080054d0       0xc8 ./Drivers/STM32F1xx_HAL_Driver/Src/stm32f1xx_hal_tim.o
                0x00000000080054d0                HAL_TIM_PWM_ConfigChannel
 .text.TIM_TI1_SetConfig
                0x0000000008005598       0x50 ./Drivers/STM32F1xx_HAL_Driver/Src/stm32f1xx_hal_tim.o
                0x0000000008005598                TIM_TI1_SetConfig
 .text.HAL_TIM_IC_ConfigChannel
                0x00000000080055e8      0x134 ./Drivers/STM32F1xx_HAL_Driver/Src/stm32f1xx_hal_tim.o
                0x00000000080055e8                HAL_TIM_IC_ConfigChannel
 .text.HAL_TIMEx_MasterConfigSynchronization
                0x000000000800571c       0x5c ./Drivers/STM32F1xx_HAL_Driver/Src/stm32f1xx_hal_tim_ex.o
                0x000000000800571c                HAL_TIMEx_MasterConfigSynchronization
 .text.HAL_TIMEx_CommutCallback
                0x0000000008005778        0x4 ./Drivers/STM32F1xx_HAL_Driver/Src/stm32f1xx_hal_tim_ex.o
                0x0000000008005778                HAL_TIMEx_CommutCallback
 .text.HAL_TIMEx_BreakCallback
                0x000000000800577c        0x4 ./Drivers/STM32F1xx_HAL_Driver/Src/stm32f1xx_hal_tim_ex.o
                0x000000000800577c                HAL_TIMEx_BreakCallback
 .text.UART_EndRxTransfer
                0x0000000008005780       0x60 ./Drivers/STM32F1xx_HAL_Driver/Src/stm32f1xx_hal_uart.o
 .text.UART_SetConfig
                0x00000000080057e0       0x84 ./Drivers/STM32F1xx_HAL_Driver/Src/stm32f1xx_hal_uart.o
 .text.UART_WaitOnFlagUntilTimeout.constprop.0
                0x0000000008005864       0x78 ./Drivers/STM32F1xx_HAL_Driver/Src/stm32f1xx_hal_uart.o
 .text.HAL_UART_Init
                0x00000000080058dc       0x64 ./Drivers/STM32F1xx_HAL_Driver/Src/stm32f1xx_hal_uart.o
                0x00000000080058dc                HAL_UART_Init
 .text.HAL_UART_Receive
                0x0000000008005940       0xc8 ./Drivers/STM32F1xx_HAL_Driver/Src/stm32f1xx_hal_uart.o
                0x0000000008005940                HAL_UART_Receive
 .text.HAL_UART_TxCpltCallback
                0x0000000008005a08        0x4 ./Drivers/STM32F1xx_HAL_Driver/Src/stm32f1xx_hal_uart.o
                0x0000000008005a08                HAL_UART_TxCpltCallback
 .text.HAL_UART_RxCpltCallback
                0x0000000008005a0c        0x4 ./Drivers/STM32F1xx_HAL_Driver/Src/stm32f1xx_hal_uart.o
                0x0000000008005a0c                HAL_UART_RxCpltCallback
 .text.HAL_UART_ErrorCallback
                0x0000000008005a10        0x4 ./Drivers/STM32F1xx_HAL_Driver/Src/stm32f1xx_hal_uart.o
                0x0000000008005a10                HAL_UART_ErrorCallback
 .text.UART_DMAAbortOnError
                0x0000000008005a14       0x10 ./Drivers/STM32F1xx_HAL_Driver/Src/stm32f1xx_hal_uart.o
 .text.HAL_UARTEx_RxEventCallback
                0x0000000008005a24        0x4 ./Drivers/STM32F1xx_HAL_Driver/Src/stm32f1xx_hal_uart.o
                0x0000000008005a24                HAL_UARTEx_RxEventCallback
 .text.UART_Receive_IT.isra.0
                0x0000000008005a28       0xcc ./Drivers/STM32F1xx_HAL_Driver/Src/stm32f1xx_hal_uart.o
 .text.HAL_UART_IRQHandler
                0x0000000008005af4      0x2d4 ./Drivers/STM32F1xx_HAL_Driver/Src/stm32f1xx_hal_uart.o
                0x0000000008005af4                HAL_UART_IRQHandler
 .text.osKernelStart
                0x0000000008005dc8        0xc ./Middlewares/Third_Party/FreeRTOS/Source/CMSIS_RTOS/cmsis_os.o
                0x0000000008005dc8                osKernelStart
 .text.osThreadCreate
                0x0000000008005dd4       0x64 ./Middlewares/Third_Party/FreeRTOS/Source/CMSIS_RTOS/cmsis_os.o
                0x0000000008005dd4                osThreadCreate
 .text.osDelay  0x0000000008005e38       0x10 ./Middlewares/Third_Party/FreeRTOS/Source/CMSIS_RTOS/cmsis_os.o
                0x0000000008005e38                osDelay
 .text.xEventGroupCreate
                0x0000000008005e48       0x1c ./Middlewares/Third_Party/FreeRTOS/Source/event_groups.o
                0x0000000008005e48                xEventGroupCreate
 .text.xEventGroupWaitBits
                0x0000000008005e64      0x114 ./Middlewares/Third_Party/FreeRTOS/Source/event_groups.o
                0x0000000008005e64                xEventGroupWaitBits
 .text.xEventGroupSetBits
                0x0000000008005f78       0x90 ./Middlewares/Third_Party/FreeRTOS/Source/event_groups.o
                0x0000000008005f78                xEventGroupSetBits
 .text.vListInitialise
                0x0000000008006008       0x18 ./Middlewares/Third_Party/FreeRTOS/Source/list.o
                0x0000000008006008                vListInitialise
 .text.vListInitialiseItem
                0x0000000008006020        0x8 ./Middlewares/Third_Party/FreeRTOS/Source/list.o
                0x0000000008006020                vListInitialiseItem
 .text.vListInsertEnd
                0x0000000008006028       0x1c ./Middlewares/Third_Party/FreeRTOS/Source/list.o
                0x0000000008006028                vListInsertEnd
 .text.vListInsert
                0x0000000008006044       0x30 ./Middlewares/Third_Party/FreeRTOS/Source/list.o
                0x0000000008006044                vListInsert
 .text.uxListRemove
                0x0000000008006074       0x24 ./Middlewares/Third_Party/FreeRTOS/Source/list.o
                0x0000000008006074                uxListRemove
 .text.prvAddNewTaskToReadyList
                0x0000000008006098      0x114 ./Middlewares/Third_Party/FreeRTOS/Source/tasks.o
 .text.prvAddCurrentTaskToDelayedList
                0x00000000080061ac       0x8c ./Middlewares/Third_Party/FreeRTOS/Source/tasks.o
 .text.prvInitialiseNewTask.constprop.0
                0x0000000008006238       0x7c ./Middlewares/Third_Party/FreeRTOS/Source/tasks.o
 .text.prvIdleTask
                0x00000000080062b4       0x98 ./Middlewares/Third_Party/FreeRTOS/Source/tasks.o
 .text.xTaskCreateStatic
                0x000000000800634c       0x74 ./Middlewares/Third_Party/FreeRTOS/Source/tasks.o
                0x000000000800634c                xTaskCreateStatic
 .text.xTaskCreate
                0x00000000080063c0       0x64 ./Middlewares/Third_Party/FreeRTOS/Source/tasks.o
                0x00000000080063c0                xTaskCreate
 .text.vTaskStartScheduler
                0x0000000008006424       0x70 ./Middlewares/Third_Party/FreeRTOS/Source/tasks.o
                0x0000000008006424                vTaskStartScheduler
 .text.vTaskSuspendAll
                0x0000000008006494       0x10 ./Middlewares/Third_Party/FreeRTOS/Source/tasks.o
                0x0000000008006494                vTaskSuspendAll
 .text.xTaskIncrementTick
                0x00000000080064a4      0x16c ./Middlewares/Third_Party/FreeRTOS/Source/tasks.o
                0x00000000080064a4                xTaskIncrementTick
 .text.xTaskResumeAll
                0x0000000008006610      0x124 ./Middlewares/Third_Party/FreeRTOS/Source/tasks.o
                0x0000000008006610                xTaskResumeAll
 .text.vTaskDelay
                0x0000000008006734       0x48 ./Middlewares/Third_Party/FreeRTOS/Source/tasks.o
                0x0000000008006734                vTaskDelay
 .text.vTaskSwitchContext
                0x000000000800677c       0x74 ./Middlewares/Third_Party/FreeRTOS/Source/tasks.o
                0x000000000800677c                vTaskSwitchContext
 .text.vTaskPlaceOnUnorderedEventList
                0x00000000080067f0       0x58 ./Middlewares/Third_Party/FreeRTOS/Source/tasks.o
                0x00000000080067f0                vTaskPlaceOnUnorderedEventList
 .text.vTaskRemoveFromUnorderedEventList
                0x0000000008006848       0x88 ./Middlewares/Third_Party/FreeRTOS/Source/tasks.o
                0x0000000008006848                vTaskRemoveFromUnorderedEventList
 .text.xTaskGetSchedulerState
                0x00000000080068d0       0x20 ./Middlewares/Third_Party/FreeRTOS/Source/tasks.o
                0x00000000080068d0                xTaskGetSchedulerState
 .text.uxTaskResetEventItemValue
                0x00000000080068f0       0x18 ./Middlewares/Third_Party/FreeRTOS/Source/tasks.o
                0x00000000080068f0                uxTaskResetEventItemValue
 .text.prvPortStartFirstTask
                0x0000000008006908       0x20 ./Middlewares/Third_Party/FreeRTOS/Source/portable/GCC/ARM_CM3/port.o
 .text.prvTaskExitError
                0x0000000008006928       0x40 ./Middlewares/Third_Party/FreeRTOS/Source/portable/GCC/ARM_CM3/port.o
 .text.pxPortInitialiseStack
                0x0000000008006968       0x24 ./Middlewares/Third_Party/FreeRTOS/Source/portable/GCC/ARM_CM3/port.o
                0x0000000008006968                pxPortInitialiseStack
 *fill*         0x000000000800698c        0x4 
 .text.SVC_Handler
                0x0000000008006990       0x24 ./Middlewares/Third_Party/FreeRTOS/Source/portable/GCC/ARM_CM3/port.o
                0x0000000008006990                SVC_Handler
 .text.vPortEnterCritical
                0x00000000080069b4       0x44 ./Middlewares/Third_Party/FreeRTOS/Source/portable/GCC/ARM_CM3/port.o
                0x00000000080069b4                vPortEnterCritical
 .text.vPortExitCritical
                0x00000000080069f8       0x28 ./Middlewares/Third_Party/FreeRTOS/Source/portable/GCC/ARM_CM3/port.o
                0x00000000080069f8                vPortExitCritical
 .text.PendSV_Handler
                0x0000000008006a20       0x44 ./Middlewares/Third_Party/FreeRTOS/Source/portable/GCC/ARM_CM3/port.o
                0x0000000008006a20                PendSV_Handler
 .text.xPortSysTickHandler
                0x0000000008006a64       0x2c ./Middlewares/Third_Party/FreeRTOS/Source/portable/GCC/ARM_CM3/port.o
                0x0000000008006a64                xPortSysTickHandler
 .text.vPortSetupTimerInterrupt
                0x0000000008006a90       0x2c ./Middlewares/Third_Party/FreeRTOS/Source/portable/GCC/ARM_CM3/port.o
                0x0000000008006a90                vPortSetupTimerInterrupt
 .text.xPortStartScheduler
                0x0000000008006abc       0xc4 ./Middlewares/Third_Party/FreeRTOS/Source/portable/GCC/ARM_CM3/port.o
                0x0000000008006abc                xPortStartScheduler
 .text.prvInsertBlockIntoFreeList
                0x0000000008006b80       0x60 ./Middlewares/Third_Party/FreeRTOS/Source/portable/MemMang/heap_4.o
 .text.pvPortMalloc
                0x0000000008006be0      0x124 ./Middlewares/Third_Party/FreeRTOS/Source/portable/MemMang/heap_4.o
                0x0000000008006be0                pvPortMalloc
 .text.vPortFree
                0x0000000008006d04       0x74 ./Middlewares/Third_Party/FreeRTOS/Source/portable/MemMang/heap_4.o
                0x0000000008006d04                vPortFree
 .text.memset   0x0000000008006d78       0x10 C:/ST/STM32CubeIDE_1.14.1/STM32CubeIDE/plugins/com.st.stm32cube.ide.mcu.externaltools.gnu-tools-for-stm32.11.3.rel1.win32_1.1.100.202309141235/tools/bin/../lib/gcc/arm-none-eabi/11.3.1/../../../../arm-none-eabi/lib/thumb/v7-m/nofp\libc_nano.a(libc_a-memset.o)
                0x0000000008006d78                memset
 .text.__errno  0x0000000008006d88        0xc C:/ST/STM32CubeIDE_1.14.1/STM32CubeIDE/plugins/com.st.stm32cube.ide.mcu.externaltools.gnu-tools-for-stm32.11.3.rel1.win32_1.1.100.202309141235/tools/bin/../lib/gcc/arm-none-eabi/11.3.1/../../../../arm-none-eabi/lib/thumb/v7-m/nofp\libc_nano.a(libc_a-errno.o)
                0x0000000008006d88                __errno
 .text.__libc_init_array
                0x0000000008006d94       0x48 C:/ST/STM32CubeIDE_1.14.1/STM32CubeIDE/plugins/com.st.stm32cube.ide.mcu.externaltools.gnu-tools-for-stm32.11.3.rel1.win32_1.1.100.202309141235/tools/bin/../lib/gcc/arm-none-eabi/11.3.1/../../../../arm-none-eabi/lib/thumb/v7-m/nofp\libc_nano.a(libc_a-init.o)
                0x0000000008006d94                __libc_init_array
 .text.atan2    0x0000000008006ddc        0x4 C:/ST/STM32CubeIDE_1.14.1/STM32CubeIDE/plugins/com.st.stm32cube.ide.mcu.externaltools.gnu-tools-for-stm32.11.3.rel1.win32_1.1.100.202309141235/tools/bin/../lib/gcc/arm-none-eabi/11.3.1/../../../../arm-none-eabi/lib/thumb/v7-m/nofp\libm.a(libm_a-w_atan2.o)
                0x0000000008006ddc                atan2
 .text.sqrt     0x0000000008006de0       0x48 C:/ST/STM32CubeIDE_1.14.1/STM32CubeIDE/plugins/com.st.stm32cube.ide.mcu.externaltools.gnu-tools-for-stm32.11.3.rel1.win32_1.1.100.202309141235/tools/bin/../lib/gcc/arm-none-eabi/11.3.1/../../../../arm-none-eabi/lib/thumb/v7-m/nofp\libm.a(libm_a-w_sqrt.o)
                0x0000000008006de0                sqrt
 .text.atan     0x0000000008006e28      0x314 C:/ST/STM32CubeIDE_1.14.1/STM32CubeIDE/plugins/com.st.stm32cube.ide.mcu.externaltools.gnu-tools-for-stm32.11.3.rel1.win32_1.1.100.202309141235/tools/bin/../lib/gcc/arm-none-eabi/11.3.1/../../../../arm-none-eabi/lib/thumb/v7-m/nofp\libm.a(libm_a-s_atan.o)
                0x0000000008006e28                atan
 .text.fabs     0x000000000800713c        0x8 C:/ST/STM32CubeIDE_1.14.1/STM32CubeIDE/plugins/com.st.stm32cube.ide.mcu.externaltools.gnu-tools-for-stm32.11.3.rel1.win32_1.1.100.202309141235/tools/bin/../lib/gcc/arm-none-eabi/11.3.1/../../../../arm-none-eabi/lib/thumb/v7-m/nofp\libm.a(libm_a-s_fabs.o)
                0x000000000800713c                fabs
 .text.__ieee754_sqrt
                0x0000000008007144      0x1b0 C:/ST/STM32CubeIDE_1.14.1/STM32CubeIDE/plugins/com.st.stm32cube.ide.mcu.externaltools.gnu-tools-for-stm32.11.3.rel1.win32_1.1.100.202309141235/tools/bin/../lib/gcc/arm-none-eabi/11.3.1/../../../../arm-none-eabi/lib/thumb/v7-m/nofp\libm.a(libm_a-e_sqrt.o)
                0x0000000008007144                __ieee754_sqrt
 *fill*         0x00000000080072f4        0x4 
 .text.__ieee754_atan2
                0x00000000080072f8      0x19c C:/ST/STM32CubeIDE_1.14.1/STM32CubeIDE/plugins/com.st.stm32cube.ide.mcu.externaltools.gnu-tools-for-stm32.11.3.rel1.win32_1.1.100.202309141235/tools/bin/../lib/gcc/arm-none-eabi/11.3.1/../../../../arm-none-eabi/lib/thumb/v7-m/nofp\libm.a(libm_a-e_atan2.o)
                0x00000000080072f8                __ieee754_atan2
 *(.glue_7)
 .glue_7        0x0000000008007494        0x0 linker stubs
 *(.glue_7t)
 .glue_7t       0x0000000008007494        0x0 linker stubs
 *(.eh_frame)
 .eh_frame      0x0000000008007494        0x0 C:/ST/STM32CubeIDE_1.14.1/STM32CubeIDE/plugins/com.st.stm32cube.ide.mcu.externaltools.gnu-tools-for-stm32.11.3.rel1.win32_1.1.100.202309141235/tools/bin/../lib/gcc/arm-none-eabi/11.3.1/thumb/v7-m/nofp/crtbegin.o
 *(.init)
 .init          0x0000000008007494        0x4 C:/ST/STM32CubeIDE_1.14.1/STM32CubeIDE/plugins/com.st.stm32cube.ide.mcu.externaltools.gnu-tools-for-stm32.11.3.rel1.win32_1.1.100.202309141235/tools/bin/../lib/gcc/arm-none-eabi/11.3.1/thumb/v7-m/nofp/crti.o
                0x0000000008007494                _init
 .init          0x0000000008007498        0x8 C:/ST/STM32CubeIDE_1.14.1/STM32CubeIDE/plugins/com.st.stm32cube.ide.mcu.externaltools.gnu-tools-for-stm32.11.3.rel1.win32_1.1.100.202309141235/tools/bin/../lib/gcc/arm-none-eabi/11.3.1/thumb/v7-m/nofp/crtn.o
 *(.fini)
 .fini          0x00000000080074a0        0x4 C:/ST/STM32CubeIDE_1.14.1/STM32CubeIDE/plugins/com.st.stm32cube.ide.mcu.externaltools.gnu-tools-for-stm32.11.3.rel1.win32_1.1.100.202309141235/tools/bin/../lib/gcc/arm-none-eabi/11.3.1/thumb/v7-m/nofp/crti.o
                0x00000000080074a0                _fini
 .fini          0x00000000080074a4        0x8 C:/ST/STM32CubeIDE_1.14.1/STM32CubeIDE/plugins/com.st.stm32cube.ide.mcu.externaltools.gnu-tools-for-stm32.11.3.rel1.win32_1.1.100.202309141235/tools/bin/../lib/gcc/arm-none-eabi/11.3.1/thumb/v7-m/nofp/crtn.o
                0x00000000080074ac                . = ALIGN (0x4)
                0x00000000080074ac                _etext = .

.vfp11_veneer   0x00000000080074ac        0x0
 .vfp11_veneer  0x00000000080074ac        0x0 linker stubs

.v4_bx          0x00000000080074ac        0x0
 .v4_bx         0x00000000080074ac        0x0 linker stubs

.iplt           0x00000000080074ac        0x0
 .iplt          0x00000000080074ac        0x0 C:/ST/STM32CubeIDE_1.14.1/STM32CubeIDE/plugins/com.st.stm32cube.ide.mcu.externaltools.gnu-tools-for-stm32.11.3.rel1.win32_1.1.100.202309141235/tools/bin/../lib/gcc/arm-none-eabi/11.3.1/thumb/v7-m/nofp/crtbegin.o

.rodata         0x00000000080074b0      0x110
                0x00000000080074b0                . = ALIGN (0x4)
 *(.rodata)
 .rodata        0x00000000080074b0       0x1c ./Core/Src/freertos.o
 *(.rodata*)
 .rodata.str1.4
                0x00000000080074cc        0xc ./Core/Src/freertos.o
 .rodata.Display_Task.str1.4
                0x00000000080074d8       0x2d ./Core/Src/main.o
 *fill*         0x0000000008007505        0x3 
 .rodata.AHBPrescTable
                0x0000000008007508       0x10 ./Core/Src/system_stm32f1xx.o
                0x0000000008007508                AHBPrescTable
 .rodata.APBPrescTable
                0x0000000008007518        0x8 ./Core/Src/system_stm32f1xx.o
                0x0000000008007518                APBPrescTable
 .rodata.aPLLMULFactorTable.1
                0x0000000008007520       0x10 ./Drivers/STM32F1xx_HAL_Driver/Src/stm32f1xx_hal_rcc.o
 .rodata.aPredivFactorTable.0
                0x0000000008007530        0x2 ./Drivers/STM32F1xx_HAL_Driver/Src/stm32f1xx_hal_rcc.o
 *fill*         0x0000000008007532        0x2 
 .rodata.aPLLMULFactorTable.1
                0x0000000008007534       0x10 ./Drivers/STM32F1xx_HAL_Driver/Src/stm32f1xx_hal_rcc_ex.o
 .rodata.aPredivFactorTable.0
                0x0000000008007544        0x2 ./Drivers/STM32F1xx_HAL_Driver/Src/stm32f1xx_hal_rcc_ex.o
 *fill*         0x0000000008007546        0x2 
 .rodata.vTaskStartScheduler.str1.4
                0x0000000008007548        0x5 ./Middlewares/Third_Party/FreeRTOS/Source/tasks.o
 *fill*         0x000000000800754d        0x3 
 .rodata.atanhi
                0x0000000008007550       0x20 C:/ST/STM32CubeIDE_1.14.1/STM32CubeIDE/plugins/com.st.stm32cube.ide.mcu.externaltools.gnu-tools-for-stm32.11.3.rel1.win32_1.1.100.202309141235/tools/bin/../lib/gcc/arm-none-eabi/11.3.1/../../../../arm-none-eabi/lib/thumb/v7-m/nofp\libm.a(libm_a-s_atan.o)
 .rodata.atanlo
                0x0000000008007570       0x20 C:/ST/STM32CubeIDE_1.14.1/STM32CubeIDE/plugins/com.st.stm32cube.ide.mcu.externaltools.gnu-tools-for-stm32.11.3.rel1.win32_1.1.100.202309141235/tools/bin/../lib/gcc/arm-none-eabi/11.3.1/../../../../arm-none-eabi/lib/thumb/v7-m/nofp\libm.a(libm_a-s_atan.o)
 .rodata.CSWTCH.8
                0x0000000008007590       0x18 C:/ST/STM32CubeIDE_1.14.1/STM32CubeIDE/plugins/com.st.stm32cube.ide.mcu.externaltools.gnu-tools-for-stm32.11.3.rel1.win32_1.1.100.202309141235/tools/bin/../lib/gcc/arm-none-eabi/11.3.1/../../../../arm-none-eabi/lib/thumb/v7-m/nofp\libm.a(libm_a-e_atan2.o)
 .rodata.CSWTCH.9
                0x00000000080075a8       0x18 C:/ST/STM32CubeIDE_1.14.1/STM32CubeIDE/plugins/com.st.stm32cube.ide.mcu.externaltools.gnu-tools-for-stm32.11.3.rel1.win32_1.1.100.202309141235/tools/bin/../lib/gcc/arm-none-eabi/11.3.1/../../../../arm-none-eabi/lib/thumb/v7-m/nofp\libm.a(libm_a-e_atan2.o)
                0x00000000080075c0                . = ALIGN (0x4)

.rel.dyn        0x00000000080075c0        0x0
 .rel.iplt      0x00000000080075c0        0x0 C:/ST/STM32CubeIDE_1.14.1/STM32CubeIDE/plugins/com.st.stm32cube.ide.mcu.externaltools.gnu-tools-for-stm32.11.3.rel1.win32_1.1.100.202309141235/tools/bin/../lib/gcc/arm-none-eabi/11.3.1/thumb/v7-m/nofp/crtbegin.o

.ARM.extab      0x00000000080075c0        0x0
                0x00000000080075c0                . = ALIGN (0x4)
 *(.ARM.extab* .gnu.linkonce.armextab.*)
                0x00000000080075c0                . = ALIGN (0x4)

.ARM            0x00000000080075c0        0x0
                0x00000000080075c0                . = ALIGN (0x4)
                0x00000000080075c0                __exidx_start = .
 *(.ARM.exidx*)
                0x00000000080075c0                __exidx_end = .
                0x00000000080075c0                . = ALIGN (0x4)

.preinit_array  0x00000000080075c0        0x0
                0x00000000080075c0                . = ALIGN (0x4)
                0x00000000080075c0                PROVIDE (__preinit_array_start = .)
 *(.preinit_array*)
                0x00000000080075c0                PROVIDE (__preinit_array_end = .)
                0x00000000080075c0                . = ALIGN (0x4)

.init_array     0x00000000080075c0        0x4
                0x00000000080075c0                . = ALIGN (0x4)
                0x00000000080075c0                PROVIDE (__init_array_start = .)
 *(SORT_BY_NAME(.init_array.*))
 *(.init_array*)
 .init_array    0x00000000080075c0        0x4 C:/ST/STM32CubeIDE_1.14.1/STM32CubeIDE/plugins/com.st.stm32cube.ide.mcu.externaltools.gnu-tools-for-stm32.11.3.rel1.win32_1.1.100.202309141235/tools/bin/../lib/gcc/arm-none-eabi/11.3.1/thumb/v7-m/nofp/crtbegin.o
                0x00000000080075c4                PROVIDE (__init_array_end = .)
                0x00000000080075c4                . = ALIGN (0x4)

.fini_array     0x00000000080075c4        0x4
                0x00000000080075c4                . = ALIGN (0x4)
                [!provide]                        PROVIDE (__fini_array_start = .)
 *(SORT_BY_NAME(.fini_array.*))
 *(.fini_array*)
 .fini_array    0x00000000080075c4        0x4 C:/ST/STM32CubeIDE_1.14.1/STM32CubeIDE/plugins/com.st.stm32cube.ide.mcu.externaltools.gnu-tools-for-stm32.11.3.rel1.win32_1.1.100.202309141235/tools/bin/../lib/gcc/arm-none-eabi/11.3.1/thumb/v7-m/nofp/crtbegin.o
                [!provide]                        PROVIDE (__fini_array_end = .)
                0x00000000080075c8                . = ALIGN (0x4)
                0x00000000080075c8                _sidata = LOADADDR (.data)

.data           0x0000000020000000      0x100 load address 0x00000000080075c8
                0x0000000020000000                . = ALIGN (0x4)
                0x0000000020000000                _sdata = .
 *(.data)
 *(.data*)
 .data.KalmanX  0x0000000020000000       0x48 ./Core/Src/mpu6050.o
                0x0000000020000000                KalmanX
 .data.KalmanY  0x0000000020000048       0x48 ./Core/Src/mpu6050.o
                0x0000000020000048                KalmanY
 .data.SystemCoreClock
                0x0000000020000090        0x4 ./Core/Src/system_stm32f1xx.o
                0x0000000020000090                SystemCoreClock
 .data.uwTickFreq
                0x0000000020000094        0x1 ./Drivers/STM32F1xx_HAL_Driver/Src/stm32f1xx_hal.o
                0x0000000020000094                uwTickFreq
 *fill*         0x0000000020000095        0x3 
 .data.uwTickPrio
                0x0000000020000098        0x4 ./Drivers/STM32F1xx_HAL_Driver/Src/stm32f1xx_hal.o
                0x0000000020000098                uwTickPrio
 .data.uxCriticalNesting
                0x000000002000009c        0x4 ./Middlewares/Third_Party/FreeRTOS/Source/portable/GCC/ARM_CM3/port.o
 .data._impure_data
                0x00000000200000a0       0x4c C:/ST/STM32CubeIDE_1.14.1/STM32CubeIDE/plugins/com.st.stm32cube.ide.mcu.externaltools.gnu-tools-for-stm32.11.3.rel1.win32_1.1.100.202309141235/tools/bin/../lib/gcc/arm-none-eabi/11.3.1/../../../../arm-none-eabi/lib/thumb/v7-m/nofp\libc_nano.a(libc_a-impure.o)
                0x00000000200000a0                _impure_data
 .data._impure_ptr
                0x00000000200000ec        0x4 C:/ST/STM32CubeIDE_1.14.1/STM32CubeIDE/plugins/com.st.stm32cube.ide.mcu.externaltools.gnu-tools-for-stm32.11.3.rel1.win32_1.1.100.202309141235/tools/bin/../lib/gcc/arm-none-eabi/11.3.1/../../../../arm-none-eabi/lib/thumb/v7-m/nofp\libc_nano.a(libc_a-impure.o)
                0x00000000200000ec                _impure_ptr
 .data.one      0x00000000200000f0        0x8 C:/ST/STM32CubeIDE_1.14.1/STM32CubeIDE/plugins/com.st.stm32cube.ide.mcu.externaltools.gnu-tools-for-stm32.11.3.rel1.win32_1.1.100.202309141235/tools/bin/../lib/gcc/arm-none-eabi/11.3.1/../../../../arm-none-eabi/lib/thumb/v7-m/nofp\libm.a(libm_a-e_sqrt.o)
 .data.tiny     0x00000000200000f8        0x8 C:/ST/STM32CubeIDE_1.14.1/STM32CubeIDE/plugins/com.st.stm32cube.ide.mcu.externaltools.gnu-tools-for-stm32.11.3.rel1.win32_1.1.100.202309141235/tools/bin/../lib/gcc/arm-none-eabi/11.3.1/../../../../arm-none-eabi/lib/thumb/v7-m/nofp\libm.a(libm_a-e_sqrt.o)
 *(.RamFunc)
 *(.RamFunc*)
                0x0000000020000100                . = ALIGN (0x4)
                0x0000000020000100                _edata = .

.igot.plt       0x0000000020000100        0x0 load address 0x00000000080076c8
 .igot.plt      0x0000000020000100        0x0 C:/ST/STM32CubeIDE_1.14.1/STM32CubeIDE/plugins/com.st.stm32cube.ide.mcu.externaltools.gnu-tools-for-stm32.11.3.rel1.win32_1.1.100.202309141235/tools/bin/../lib/gcc/arm-none-eabi/11.3.1/thumb/v7-m/nofp/crtbegin.o
                0x0000000020000100                . = ALIGN (0x4)

.bss            0x0000000020000100     0x13c4 load address 0x00000000080076c8
                0x0000000020000100                _sbss = .
                0x0000000020000100                __bss_start__ = _sbss
 *(.bss)
 .bss           0x0000000020000100       0x1c C:/ST/STM32CubeIDE_1.14.1/STM32CubeIDE/plugins/com.st.stm32cube.ide.mcu.externaltools.gnu-tools-for-stm32.11.3.rel1.win32_1.1.100.202309141235/tools/bin/../lib/gcc/arm-none-eabi/11.3.1/thumb/v7-m/nofp/crtbegin.o
 *(.bss*)
 .bss.IT_numbers
                0x000000002000011c        0x1 ./Core/Src/UltraSonic_program_.o
                0x000000002000011c                IT_numbers
 .bss.IT_numbers_T3
                0x000000002000011d        0x1 ./Core/Src/UltraSonic_program_.o
                0x000000002000011d                IT_numbers_T3
 .bss.State     0x000000002000011e        0x1 ./Core/Src/UltraSonic_program_.o
                0x000000002000011e                State
 .bss.State_T3  0x000000002000011f        0x1 ./Core/Src/UltraSonic_program_.o
                0x000000002000011f                State_T3
 .bss.TIMEON1   0x0000000020000120        0x2 ./Core/Src/UltraSonic_program_.o
                0x0000000020000120                TIMEON1
 .bss.TIMEON1_T3
                0x0000000020000122        0x2 ./Core/Src/UltraSonic_program_.o
                0x0000000020000122                TIMEON1_T3
 .bss.TIMEON2   0x0000000020000124        0x2 ./Core/Src/UltraSonic_program_.o
                0x0000000020000124                TIMEON2
 .bss.TIMEON2_T3
                0x0000000020000126        0x2 ./Core/Src/UltraSonic_program_.o
                0x0000000020000126                TIMEON2_T3
 .bss.TIMEON3   0x0000000020000128        0x2 ./Core/Src/UltraSonic_program_.o
                0x0000000020000128                TIMEON3
 .bss.TIMEON4   0x000000002000012a        0x2 ./Core/Src/UltraSonic_program_.o
                0x000000002000012a                TIMEON4
 .bss.hadc1     0x000000002000012c       0x30 ./Core/Src/adc.o
                0x000000002000012c                hadc1
 .bss.hadc2     0x000000002000015c       0x30 ./Core/Src/adc.o
                0x000000002000015c                hadc2
 .bss.defaultTaskHandle
                0x000000002000018c        0x4 ./Core/Src/freertos.o
                0x000000002000018c                defaultTaskHandle
 .bss.xIdleStack
                0x0000000020000190      0x200 ./Core/Src/freertos.o
 .bss.xIdleTaskTCBBuffer
                0x0000000020000390       0x54 ./Core/Src/freertos.o
 .bss.hi2c1     0x00000000200003e4       0x54 ./Core/Src/i2c.o
                0x00000000200003e4                hi2c1
 .bss.ACC_State
                0x0000000020000438        0x1 ./Core/Src/main.o
                0x0000000020000438                ACC_State
 .bss.AP_State  0x0000000020000439        0x1 ./Core/Src/main.o
                0x0000000020000439                AP_State
 .bss.Car_Direction
                0x000000002000043a        0x1 ./Core/Src/main.o
                0x000000002000043a                Car_Direction
 .bss.Car_State
                0x000000002000043b        0x1 ./Core/Src/main.o
                0x000000002000043b                Car_State
 *fill*         0x000000002000043c        0x4 
 .bss.DataAcquistion
                0x0000000020000440       0x78 ./Core/Src/main.o
                0x0000000020000440                DataAcquistion
 .bss.Duty      0x00000000200004b8        0x1 ./Core/Src/main.o
                0x00000000200004b8                Duty
 *fill*         0x00000000200004b9        0x3 
 .bss.EG_Action
                0x00000000200004bc        0x4 ./Core/Src/main.o
                0x00000000200004bc                EG_Action
 .bss.EG_Autonomous
                0x00000000200004c0        0x4 ./Core/Src/main.o
                0x00000000200004c0                EG_Autonomous
 .bss.EG_State  0x00000000200004c4        0x4 ./Core/Src/main.o
                0x00000000200004c4                EG_State
 .bss.EG_Value  0x00000000200004c8        0x4 ./Core/Src/main.o
                0x00000000200004c8                EG_Value
 .bss.Engine_State
                0x00000000200004cc        0x1 ./Core/Src/main.o
                0x00000000200004cc                Engine_State
 .bss.LKA_State
                0x00000000200004cd        0x1 ./Core/Src/main.o
                0x00000000200004cd                LKA_State
 .bss.OBD_State
                0x00000000200004ce        0x1 ./Core/Src/main.o
                0x00000000200004ce                OBD_State
 .bss.User_Control
                0x00000000200004cf        0x1 ./Core/Src/main.o
                0x00000000200004cf                User_Control
 .bss.u8DutyFlag
                0x00000000200004d0        0x1 ./Core/Src/main.o
                0x00000000200004d0                u8DutyFlag
 .bss.u8LCDFlagInit
                0x00000000200004d1        0x1 ./Core/Src/main.o
                0x00000000200004d1                u8LCDFlagInit
 *fill*         0x00000000200004d2        0x2 
 .bss.timer     0x00000000200004d4        0x4 ./Core/Src/mpu6050.o
                0x00000000200004d4                timer
 .bss.htim1     0x00000000200004d8       0x48 ./Core/Src/tim.o
                0x00000000200004d8                htim1
 .bss.htim2     0x0000000020000520       0x48 ./Core/Src/tim.o
                0x0000000020000520                htim2
 .bss.htim3     0x0000000020000568       0x48 ./Core/Src/tim.o
                0x0000000020000568                htim3
 .bss.huart1    0x00000000200005b0       0x48 ./Core/Src/usart.o
                0x00000000200005b0                huart1
 .bss.huart2    0x00000000200005f8       0x48 ./Core/Src/usart.o
                0x00000000200005f8                huart2
 .bss.uwTick    0x0000000020000640        0x4 ./Drivers/STM32F1xx_HAL_Driver/Src/stm32f1xx_hal.o
                0x0000000020000640                uwTick
 .bss.pxCurrentTCB
                0x0000000020000644        0x4 ./Middlewares/Third_Party/FreeRTOS/Source/tasks.o
                0x0000000020000644                pxCurrentTCB
 .bss.pxDelayedTaskList
                0x0000000020000648        0x4 ./Middlewares/Third_Party/FreeRTOS/Source/tasks.o
 .bss.pxOverflowDelayedTaskList
                0x000000002000064c        0x4 ./Middlewares/Third_Party/FreeRTOS/Source/tasks.o
 .bss.pxReadyTasksLists
                0x0000000020000650       0x8c ./Middlewares/Third_Party/FreeRTOS/Source/tasks.o
 .bss.uxCurrentNumberOfTasks
                0x00000000200006dc        0x4 ./Middlewares/Third_Party/FreeRTOS/Source/tasks.o
 .bss.uxDeletedTasksWaitingCleanUp
                0x00000000200006e0        0x4 ./Middlewares/Third_Party/FreeRTOS/Source/tasks.o
 .bss.uxPendedTicks
                0x00000000200006e4        0x4 ./Middlewares/Third_Party/FreeRTOS/Source/tasks.o
 .bss.uxSchedulerSuspended
                0x00000000200006e8        0x4 ./Middlewares/Third_Party/FreeRTOS/Source/tasks.o
 .bss.uxTaskNumber
                0x00000000200006ec        0x4 ./Middlewares/Third_Party/FreeRTOS/Source/tasks.o
 .bss.uxTopReadyPriority
                0x00000000200006f0        0x4 ./Middlewares/Third_Party/FreeRTOS/Source/tasks.o
 .bss.xDelayedTaskList1
                0x00000000200006f4       0x14 ./Middlewares/Third_Party/FreeRTOS/Source/tasks.o
 .bss.xDelayedTaskList2
                0x0000000020000708       0x14 ./Middlewares/Third_Party/FreeRTOS/Source/tasks.o
 .bss.xNextTaskUnblockTime
                0x000000002000071c        0x4 ./Middlewares/Third_Party/FreeRTOS/Source/tasks.o
 .bss.xNumOfOverflows
                0x0000000020000720        0x4 ./Middlewares/Third_Party/FreeRTOS/Source/tasks.o
 .bss.xPendingReadyList
                0x0000000020000724       0x14 ./Middlewares/Third_Party/FreeRTOS/Source/tasks.o
 .bss.xSchedulerRunning
                0x0000000020000738        0x4 ./Middlewares/Third_Party/FreeRTOS/Source/tasks.o
 .bss.xSuspendedTaskList
                0x000000002000073c       0x14 ./Middlewares/Third_Party/FreeRTOS/Source/tasks.o
 .bss.xTasksWaitingTermination
                0x0000000020000750       0x14 ./Middlewares/Third_Party/FreeRTOS/Source/tasks.o
 .bss.xTickCount
                0x0000000020000764        0x4 ./Middlewares/Third_Party/FreeRTOS/Source/tasks.o
 .bss.xYieldPending
                0x0000000020000768        0x4 ./Middlewares/Third_Party/FreeRTOS/Source/tasks.o
 .bss.ucMaxSysCallPriority
                0x000000002000076c        0x1 ./Middlewares/Third_Party/FreeRTOS/Source/portable/GCC/ARM_CM3/port.o
 *fill*         0x000000002000076d        0x3 
 .bss.ulMaxPRIGROUPValue
                0x0000000020000770        0x4 ./Middlewares/Third_Party/FreeRTOS/Source/portable/GCC/ARM_CM3/port.o
 .bss.pxEnd     0x0000000020000774        0x4 ./Middlewares/Third_Party/FreeRTOS/Source/portable/MemMang/heap_4.o
 .bss.ucHeap    0x0000000020000778      0xc00 ./Middlewares/Third_Party/FreeRTOS/Source/portable/MemMang/heap_4.o
 .bss.xBlockAllocatedBit
                0x0000000020001378        0x4 ./Middlewares/Third_Party/FreeRTOS/Source/portable/MemMang/heap_4.o
 .bss.xFreeBytesRemaining
                0x000000002000137c        0x4 ./Middlewares/Third_Party/FreeRTOS/Source/portable/MemMang/heap_4.o
 .bss.xMinimumEverFreeBytesRemaining
                0x0000000020001380        0x4 ./Middlewares/Third_Party/FreeRTOS/Source/portable/MemMang/heap_4.o
 .bss.xStart    0x0000000020001384        0x8 ./Middlewares/Third_Party/FreeRTOS/Source/portable/MemMang/heap_4.o
 .bss.__sf      0x000000002000138c      0x138 C:/ST/STM32CubeIDE_1.14.1/STM32CubeIDE/plugins/com.st.stm32cube.ide.mcu.externaltools.gnu-tools-for-stm32.11.3.rel1.win32_1.1.100.202309141235/tools/bin/../lib/gcc/arm-none-eabi/11.3.1/../../../../arm-none-eabi/lib/thumb/v7-m/nofp\libc_nano.a(libc_a-findfp.o)
                0x000000002000138c                __sf
 *(COMMON)
                0x00000000200014c4                . = ALIGN (0x4)
                0x00000000200014c4                _ebss = .
                0x00000000200014c4                __bss_end__ = _ebss

._user_heap_stack
                0x00000000200014c4      0x604 load address 0x00000000080076c8
                0x00000000200014c8                . = ALIGN (0x8)
 *fill*         0x00000000200014c4        0x4 
                [!provide]                        PROVIDE (end = .)
                0x00000000200014c8                PROVIDE (_end = .)
                0x00000000200016c8                . = (. + _Min_Heap_Size)
 *fill*         0x00000000200014c8      0x200 
                0x0000000020001ac8                . = (. + _Min_Stack_Size)
 *fill*         0x00000000200016c8      0x400 
                0x0000000020001ac8                . = ALIGN (0x8)

/DISCARD/
 libc.a(*)
 libm.a(*)
 libgcc.a(*)

.ARM.attributes
                0x0000000000000000       0x29
 *(.ARM.attributes)
 .ARM.attributes
                0x0000000000000000       0x1d C:/ST/STM32CubeIDE_1.14.1/STM32CubeIDE/plugins/com.st.stm32cube.ide.mcu.externaltools.gnu-tools-for-stm32.11.3.rel1.win32_1.1.100.202309141235/tools/bin/../lib/gcc/arm-none-eabi/11.3.1/thumb/v7-m/nofp/crti.o
 .ARM.attributes
                0x000000000000001d       0x2d C:/ST/STM32CubeIDE_1.14.1/STM32CubeIDE/plugins/com.st.stm32cube.ide.mcu.externaltools.gnu-tools-for-stm32.11.3.rel1.win32_1.1.100.202309141235/tools/bin/../lib/gcc/arm-none-eabi/11.3.1/thumb/v7-m/nofp/crtbegin.o
 .ARM.attributes
                0x000000000000004a       0x2d ./Core/Src/BLU.o
 .ARM.attributes
                0x0000000000000077       0x2d ./Core/Src/BUZZER_program.o
 .ARM.attributes
                0x00000000000000a4       0x2d ./Core/Src/DC_Motor.o
 .ARM.attributes
                0x00000000000000d1       0x2d ./Core/Src/LCD_program.o
 .ARM.attributes
                0x00000000000000fe       0x2d ./Core/Src/LED_program.o
 .ARM.attributes
                0x000000000000012b       0x2d ./Core/Src/LIne_Detector.o
 .ARM.attributes
                0x0000000000000158       0x2d ./Core/Src/LM35.o
 .ARM.attributes
                0x0000000000000185       0x2d ./Core/Src/UltraSonic_program_.o
 .ARM.attributes
                0x00000000000001b2       0x2d ./Core/Src/adc.o
 .ARM.attributes
                0x00000000000001df       0x2d ./Core/Src/freertos.o
 .ARM.attributes
                0x000000000000020c       0x2d ./Core/Src/gpio.o
 .ARM.attributes
                0x0000000000000239       0x2d ./Core/Src/i2c.o
 .ARM.attributes
                0x0000000000000266       0x2d ./Core/Src/main.o
 .ARM.attributes
                0x0000000000000293       0x2d ./Core/Src/mpu6050.o
 .ARM.attributes
                0x00000000000002c0       0x2d ./Core/Src/stm32f1xx_hal_msp.o
 .ARM.attributes
                0x00000000000002ed       0x2d ./Core/Src/stm32f1xx_it.o
 .ARM.attributes
                0x000000000000031a       0x2d ./Core/Src/system_stm32f1xx.o
 .ARM.attributes
                0x0000000000000347       0x2d ./Core/Src/tim.o
 .ARM.attributes
                0x0000000000000374       0x2d ./Core/Src/usart.o
 .ARM.attributes
                0x00000000000003a1       0x21 ./Core/Startup/startup_stm32f103c6tx.o
 .ARM.attributes
                0x00000000000003c2       0x2d ./Drivers/STM32F1xx_HAL_Driver/Src/stm32f1xx_hal.o
 .ARM.attributes
                0x00000000000003ef       0x2d ./Drivers/STM32F1xx_HAL_Driver/Src/stm32f1xx_hal_adc.o
 .ARM.attributes
                0x000000000000041c       0x2d ./Drivers/STM32F1xx_HAL_Driver/Src/stm32f1xx_hal_cortex.o
 .ARM.attributes
                0x0000000000000449       0x2d ./Drivers/STM32F1xx_HAL_Driver/Src/stm32f1xx_hal_dma.o
 .ARM.attributes
                0x0000000000000476       0x2d ./Drivers/STM32F1xx_HAL_Driver/Src/stm32f1xx_hal_gpio.o
 .ARM.attributes
                0x00000000000004a3       0x2d ./Drivers/STM32F1xx_HAL_Driver/Src/stm32f1xx_hal_i2c.o
 .ARM.attributes
                0x00000000000004d0       0x2d ./Drivers/STM32F1xx_HAL_Driver/Src/stm32f1xx_hal_rcc.o
 .ARM.attributes
                0x00000000000004fd       0x2d ./Drivers/STM32F1xx_HAL_Driver/Src/stm32f1xx_hal_rcc_ex.o
 .ARM.attributes
                0x000000000000052a       0x2d ./Drivers/STM32F1xx_HAL_Driver/Src/stm32f1xx_hal_tim.o
 .ARM.attributes
                0x0000000000000557       0x2d ./Drivers/STM32F1xx_HAL_Driver/Src/stm32f1xx_hal_tim_ex.o
 .ARM.attributes
                0x0000000000000584       0x2d ./Drivers/STM32F1xx_HAL_Driver/Src/stm32f1xx_hal_uart.o
 .ARM.attributes
                0x00000000000005b1       0x2d ./Middlewares/Third_Party/FreeRTOS/Source/CMSIS_RTOS/cmsis_os.o
 .ARM.attributes
                0x00000000000005de       0x2d ./Middlewares/Third_Party/FreeRTOS/Source/event_groups.o
 .ARM.attributes
                0x000000000000060b       0x2d ./Middlewares/Third_Party/FreeRTOS/Source/list.o
 .ARM.attributes
                0x0000000000000638       0x2d ./Middlewares/Third_Party/FreeRTOS/Source/tasks.o
 .ARM.attributes
                0x0000000000000665       0x2d ./Middlewares/Third_Party/FreeRTOS/Source/portable/GCC/ARM_CM3/port.o
 .ARM.attributes
                0x0000000000000692       0x2d ./Middlewares/Third_Party/FreeRTOS/Source/portable/MemMang/heap_4.o
 .ARM.attributes
                0x00000000000006bf       0x2d C:/ST/STM32CubeIDE_1.14.1/STM32CubeIDE/plugins/com.st.stm32cube.ide.mcu.externaltools.gnu-tools-for-stm32.11.3.rel1.win32_1.1.100.202309141235/tools/bin/../lib/gcc/arm-none-eabi/11.3.1/../../../../arm-none-eabi/lib/thumb/v7-m/nofp\libc_nano.a(libc_a-findfp.o)
 .ARM.attributes
                0x00000000000006ec       0x2d C:/ST/STM32CubeIDE_1.14.1/STM32CubeIDE/plugins/com.st.stm32cube.ide.mcu.externaltools.gnu-tools-for-stm32.11.3.rel1.win32_1.1.100.202309141235/tools/bin/../lib/gcc/arm-none-eabi/11.3.1/../../../../arm-none-eabi/lib/thumb/v7-m/nofp\libc_nano.a(libc_a-memset.o)
 .ARM.attributes
                0x0000000000000719       0x2d C:/ST/STM32CubeIDE_1.14.1/STM32CubeIDE/plugins/com.st.stm32cube.ide.mcu.externaltools.gnu-tools-for-stm32.11.3.rel1.win32_1.1.100.202309141235/tools/bin/../lib/gcc/arm-none-eabi/11.3.1/../../../../arm-none-eabi/lib/thumb/v7-m/nofp\libc_nano.a(libc_a-impure.o)
 .ARM.attributes
                0x0000000000000746       0x2d C:/ST/STM32CubeIDE_1.14.1/STM32CubeIDE/plugins/com.st.stm32cube.ide.mcu.externaltools.gnu-tools-for-stm32.11.3.rel1.win32_1.1.100.202309141235/tools/bin/../lib/gcc/arm-none-eabi/11.3.1/../../../../arm-none-eabi/lib/thumb/v7-m/nofp\libc_nano.a(libc_a-errno.o)
 .ARM.attributes
                0x0000000000000773       0x2d C:/ST/STM32CubeIDE_1.14.1/STM32CubeIDE/plugins/com.st.stm32cube.ide.mcu.externaltools.gnu-tools-for-stm32.11.3.rel1.win32_1.1.100.202309141235/tools/bin/../lib/gcc/arm-none-eabi/11.3.1/../../../../arm-none-eabi/lib/thumb/v7-m/nofp\libc_nano.a(libc_a-init.o)
 .ARM.attributes
                0x00000000000007a0       0x2d C:/ST/STM32CubeIDE_1.14.1/STM32CubeIDE/plugins/com.st.stm32cube.ide.mcu.externaltools.gnu-tools-for-stm32.11.3.rel1.win32_1.1.100.202309141235/tools/bin/../lib/gcc/arm-none-eabi/11.3.1/../../../../arm-none-eabi/lib/thumb/v7-m/nofp\libm.a(libm_a-w_atan2.o)
 .ARM.attributes
                0x00000000000007cd       0x2d C:/ST/STM32CubeIDE_1.14.1/STM32CubeIDE/plugins/com.st.stm32cube.ide.mcu.externaltools.gnu-tools-for-stm32.11.3.rel1.win32_1.1.100.202309141235/tools/bin/../lib/gcc/arm-none-eabi/11.3.1/../../../../arm-none-eabi/lib/thumb/v7-m/nofp\libm.a(libm_a-w_sqrt.o)
 .ARM.attributes
                0x00000000000007fa       0x2d C:/ST/STM32CubeIDE_1.14.1/STM32CubeIDE/plugins/com.st.stm32cube.ide.mcu.externaltools.gnu-tools-for-stm32.11.3.rel1.win32_1.1.100.202309141235/tools/bin/../lib/gcc/arm-none-eabi/11.3.1/../../../../arm-none-eabi/lib/thumb/v7-m/nofp\libm.a(libm_a-s_atan.o)
 .ARM.attributes
                0x0000000000000827       0x2d C:/ST/STM32CubeIDE_1.14.1/STM32CubeIDE/plugins/com.st.stm32cube.ide.mcu.externaltools.gnu-tools-for-stm32.11.3.rel1.win32_1.1.100.202309141235/tools/bin/../lib/gcc/arm-none-eabi/11.3.1/../../../../arm-none-eabi/lib/thumb/v7-m/nofp\libm.a(libm_a-s_fabs.o)
 .ARM.attributes
                0x0000000000000854       0x2d C:/ST/STM32CubeIDE_1.14.1/STM32CubeIDE/plugins/com.st.stm32cube.ide.mcu.externaltools.gnu-tools-for-stm32.11.3.rel1.win32_1.1.100.202309141235/tools/bin/../lib/gcc/arm-none-eabi/11.3.1/../../../../arm-none-eabi/lib/thumb/v7-m/nofp\libm.a(libm_a-e_sqrt.o)
 .ARM.attributes
                0x0000000000000881       0x2d C:/ST/STM32CubeIDE_1.14.1/STM32CubeIDE/plugins/com.st.stm32cube.ide.mcu.externaltools.gnu-tools-for-stm32.11.3.rel1.win32_1.1.100.202309141235/tools/bin/../lib/gcc/arm-none-eabi/11.3.1/../../../../arm-none-eabi/lib/thumb/v7-m/nofp\libm.a(libm_a-e_atan2.o)
 .ARM.attributes
                0x00000000000008ae       0x1d C:/ST/STM32CubeIDE_1.14.1/STM32CubeIDE/plugins/com.st.stm32cube.ide.mcu.externaltools.gnu-tools-for-stm32.11.3.rel1.win32_1.1.100.202309141235/tools/bin/../lib/gcc/arm-none-eabi/11.3.1/thumb/v7-m/nofp\libgcc.a(_arm_addsubdf3.o)
 .ARM.attributes
                0x00000000000008cb       0x1d C:/ST/STM32CubeIDE_1.14.1/STM32CubeIDE/plugins/com.st.stm32cube.ide.mcu.externaltools.gnu-tools-for-stm32.11.3.rel1.win32_1.1.100.202309141235/tools/bin/../lib/gcc/arm-none-eabi/11.3.1/thumb/v7-m/nofp\libgcc.a(_arm_muldivdf3.o)
 .ARM.attributes
                0x00000000000008e8       0x1d C:/ST/STM32CubeIDE_1.14.1/STM32CubeIDE/plugins/com.st.stm32cube.ide.mcu.externaltools.gnu-tools-for-stm32.11.3.rel1.win32_1.1.100.202309141235/tools/bin/../lib/gcc/arm-none-eabi/11.3.1/thumb/v7-m/nofp\libgcc.a(_arm_cmpdf2.o)
 .ARM.attributes
                0x0000000000000905       0x1d C:/ST/STM32CubeIDE_1.14.1/STM32CubeIDE/plugins/com.st.stm32cube.ide.mcu.externaltools.gnu-tools-for-stm32.11.3.rel1.win32_1.1.100.202309141235/tools/bin/../lib/gcc/arm-none-eabi/11.3.1/thumb/v7-m/nofp\libgcc.a(_arm_unorddf2.o)
 .ARM.attributes
                0x0000000000000922       0x1d C:/ST/STM32CubeIDE_1.14.1/STM32CubeIDE/plugins/com.st.stm32cube.ide.mcu.externaltools.gnu-tools-for-stm32.11.3.rel1.win32_1.1.100.202309141235/tools/bin/../lib/gcc/arm-none-eabi/11.3.1/thumb/v7-m/nofp\libgcc.a(_arm_truncdfsf2.o)
 .ARM.attributes
                0x000000000000093f       0x1d C:/ST/STM32CubeIDE_1.14.1/STM32CubeIDE/plugins/com.st.stm32cube.ide.mcu.externaltools.gnu-tools-for-stm32.11.3.rel1.win32_1.1.100.202309141235/tools/bin/../lib/gcc/arm-none-eabi/11.3.1/thumb/v7-m/nofp\libgcc.a(_arm_addsubsf3.o)
 .ARM.attributes
                0x000000000000095c       0x1d C:/ST/STM32CubeIDE_1.14.1/STM32CubeIDE/plugins/com.st.stm32cube.ide.mcu.externaltools.gnu-tools-for-stm32.11.3.rel1.win32_1.1.100.202309141235/tools/bin/../lib/gcc/arm-none-eabi/11.3.1/thumb/v7-m/nofp\libgcc.a(_arm_muldivsf3.o)
 .ARM.attributes
                0x0000000000000979       0x1d C:/ST/STM32CubeIDE_1.14.1/STM32CubeIDE/plugins/com.st.stm32cube.ide.mcu.externaltools.gnu-tools-for-stm32.11.3.rel1.win32_1.1.100.202309141235/tools/bin/../lib/gcc/arm-none-eabi/11.3.1/thumb/v7-m/nofp\libgcc.a(_arm_cmpsf2.o)
 .ARM.attributes
                0x0000000000000996       0x1d C:/ST/STM32CubeIDE_1.14.1/STM32CubeIDE/plugins/com.st.stm32cube.ide.mcu.externaltools.gnu-tools-for-stm32.11.3.rel1.win32_1.1.100.202309141235/tools/bin/../lib/gcc/arm-none-eabi/11.3.1/thumb/v7-m/nofp/crtn.o
OUTPUT(ADAS_System.elf elf32-littlearm)
LOAD linker stubs
LOAD C:/ST/STM32CubeIDE_1.14.1/STM32CubeIDE/plugins/com.st.stm32cube.ide.mcu.externaltools.gnu-tools-for-stm32.11.3.rel1.win32_1.1.100.202309141235/tools/bin/../lib/gcc/arm-none-eabi/11.3.1/../../../../arm-none-eabi/lib/thumb/v7-m/nofp\libc.a
LOAD C:/ST/STM32CubeIDE_1.14.1/STM32CubeIDE/plugins/com.st.stm32cube.ide.mcu.externaltools.gnu-tools-for-stm32.11.3.rel1.win32_1.1.100.202309141235/tools/bin/../lib/gcc/arm-none-eabi/11.3.1/../../../../arm-none-eabi/lib/thumb/v7-m/nofp\libm.a
LOAD C:/ST/STM32CubeIDE_1.14.1/STM32CubeIDE/plugins/com.st.stm32cube.ide.mcu.externaltools.gnu-tools-for-stm32.11.3.rel1.win32_1.1.100.202309141235/tools/bin/../lib/gcc/arm-none-eabi/11.3.1/thumb/v7-m/nofp\libgcc.a

.comment        0x0000000000000000       0x43
 .comment       0x0000000000000000       0x43 C:/ST/STM32CubeIDE_1.14.1/STM32CubeIDE/plugins/com.st.stm32cube.ide.mcu.externaltools.gnu-tools-for-stm32.11.3.rel1.win32_1.1.100.202309141235/tools/bin/../lib/gcc/arm-none-eabi/11.3.1/thumb/v7-m/nofp/crtbegin.o
                                         0x44 (size before relaxing)
 .comment       0x0000000000000043       0x44 ./Core/Src/BLU.o
 .comment       0x0000000000000043       0x44 ./Core/Src/BUZZER_program.o
 .comment       0x0000000000000043       0x44 ./Core/Src/DC_Motor.o
 .comment       0x0000000000000043       0x44 ./Core/Src/LCD_program.o
 .comment       0x0000000000000043       0x44 ./Core/Src/LED_program.o
 .comment       0x0000000000000043       0x44 ./Core/Src/LIne_Detector.o
 .comment       0x0000000000000043       0x44 ./Core/Src/LM35.o
 .comment       0x0000000000000043       0x44 ./Core/Src/UltraSonic_program_.o
 .comment       0x0000000000000043       0x44 ./Core/Src/adc.o
 .comment       0x0000000000000043       0x44 ./Core/Src/freertos.o
 .comment       0x0000000000000043       0x44 ./Core/Src/gpio.o
 .comment       0x0000000000000043       0x44 ./Core/Src/i2c.o
 .comment       0x0000000000000043       0x44 ./Core/Src/main.o
 .comment       0x0000000000000043       0x44 ./Core/Src/mpu6050.o
 .comment       0x0000000000000043       0x44 ./Core/Src/stm32f1xx_hal_msp.o
 .comment       0x0000000000000043       0x44 ./Core/Src/stm32f1xx_it.o
 .comment       0x0000000000000043       0x44 ./Core/Src/system_stm32f1xx.o
 .comment       0x0000000000000043       0x44 ./Core/Src/tim.o
 .comment       0x0000000000000043       0x44 ./Core/Src/usart.o
 .comment       0x0000000000000043       0x44 ./Drivers/STM32F1xx_HAL_Driver/Src/stm32f1xx_hal.o
 .comment       0x0000000000000043       0x44 ./Drivers/STM32F1xx_HAL_Driver/Src/stm32f1xx_hal_adc.o
 .comment       0x0000000000000043       0x44 ./Drivers/STM32F1xx_HAL_Driver/Src/stm32f1xx_hal_cortex.o
 .comment       0x0000000000000043       0x44 ./Drivers/STM32F1xx_HAL_Driver/Src/stm32f1xx_hal_dma.o
 .comment       0x0000000000000043       0x44 ./Drivers/STM32F1xx_HAL_Driver/Src/stm32f1xx_hal_gpio.o
 .comment       0x0000000000000043       0x44 ./Drivers/STM32F1xx_HAL_Driver/Src/stm32f1xx_hal_i2c.o
 .comment       0x0000000000000043       0x44 ./Drivers/STM32F1xx_HAL_Driver/Src/stm32f1xx_hal_rcc.o
 .comment       0x0000000000000043       0x44 ./Drivers/STM32F1xx_HAL_Driver/Src/stm32f1xx_hal_rcc_ex.o
 .comment       0x0000000000000043       0x44 ./Drivers/STM32F1xx_HAL_Driver/Src/stm32f1xx_hal_tim.o
 .comment       0x0000000000000043       0x44 ./Drivers/STM32F1xx_HAL_Driver/Src/stm32f1xx_hal_tim_ex.o
 .comment       0x0000000000000043       0x44 ./Drivers/STM32F1xx_HAL_Driver/Src/stm32f1xx_hal_uart.o
 .comment       0x0000000000000043       0x44 ./Middlewares/Third_Party/FreeRTOS/Source/CMSIS_RTOS/cmsis_os.o
 .comment       0x0000000000000043       0x44 ./Middlewares/Third_Party/FreeRTOS/Source/event_groups.o
 .comment       0x0000000000000043       0x44 ./Middlewares/Third_Party/FreeRTOS/Source/list.o
 .comment       0x0000000000000043       0x44 ./Middlewares/Third_Party/FreeRTOS/Source/tasks.o
 .comment       0x0000000000000043       0x44 ./Middlewares/Third_Party/FreeRTOS/Source/portable/GCC/ARM_CM3/port.o
 .comment       0x0000000000000043       0x44 ./Middlewares/Third_Party/FreeRTOS/Source/portable/MemMang/heap_4.o

.debug_info     0x0000000000000000    0x23038
 .debug_info    0x0000000000000000      0x5fe ./Core/Src/BLU.o
 .debug_info    0x00000000000005fe      0x204 ./Core/Src/BUZZER_program.o
 .debug_info    0x0000000000000802      0xcf7 ./Core/Src/DC_Motor.o
 .debug_info    0x00000000000014f9      0x953 ./Core/Src/LCD_program.o
 .debug_info    0x0000000000001e4c      0x246 ./Core/Src/LED_program.o
 .debug_info    0x0000000000002092      0x1e6 ./Core/Src/LIne_Detector.o
 .debug_info    0x0000000000002278      0x611 ./Core/Src/LM35.o
 .debug_info    0x0000000000002889      0xd5a ./Core/Src/UltraSonic_program_.o
 .debug_info    0x00000000000035e3      0x919 ./Core/Src/adc.o
 .debug_info    0x0000000000003efc      0x4ce ./Core/Src/freertos.o
 .debug_info    0x00000000000043ca      0x3a7 ./Core/Src/gpio.o
 .debug_info    0x0000000000004771      0x8fb ./Core/Src/i2c.o
 .debug_info    0x000000000000506c     0x198a ./Core/Src/main.o
 .debug_info    0x00000000000069f6     0x107c ./Core/Src/mpu6050.o
 .debug_info    0x0000000000007a72      0x360 ./Core/Src/stm32f1xx_hal_msp.o
 .debug_info    0x0000000000007dd2      0x9b9 ./Core/Src/stm32f1xx_it.o
 .debug_info    0x000000000000878b      0x231 ./Core/Src/system_stm32f1xx.o
 .debug_info    0x00000000000089bc     0x11ff ./Core/Src/tim.o
 .debug_info    0x0000000000009bbb      0xb30 ./Core/Src/usart.o
 .debug_info    0x000000000000a6eb       0x23 ./Core/Startup/startup_stm32f103c6tx.o
 .debug_info    0x000000000000a70e      0x7be ./Drivers/STM32F1xx_HAL_Driver/Src/stm32f1xx_hal.o
 .debug_info    0x000000000000aecc      0xef3 ./Drivers/STM32F1xx_HAL_Driver/Src/stm32f1xx_hal_adc.o
 .debug_info    0x000000000000bdbf      0xc87 ./Drivers/STM32F1xx_HAL_Driver/Src/stm32f1xx_hal_cortex.o
 .debug_info    0x000000000000ca46      0x7ef ./Drivers/STM32F1xx_HAL_Driver/Src/stm32f1xx_hal_dma.o
 .debug_info    0x000000000000d235      0x604 ./Drivers/STM32F1xx_HAL_Driver/Src/stm32f1xx_hal_gpio.o
 .debug_info    0x000000000000d839     0x396a ./Drivers/STM32F1xx_HAL_Driver/Src/stm32f1xx_hal_i2c.o
 .debug_info    0x00000000000111a3      0x9ef ./Drivers/STM32F1xx_HAL_Driver/Src/stm32f1xx_hal_rcc.o
 .debug_info    0x0000000000011b92      0x420 ./Drivers/STM32F1xx_HAL_Driver/Src/stm32f1xx_hal_rcc_ex.o
 .debug_info    0x0000000000011fb2     0x4644 ./Drivers/STM32F1xx_HAL_Driver/Src/stm32f1xx_hal_tim.o
 .debug_info    0x00000000000165f6     0x1ada ./Drivers/STM32F1xx_HAL_Driver/Src/stm32f1xx_hal_tim_ex.o
 .debug_info    0x00000000000180d0     0x41c3 ./Drivers/STM32F1xx_HAL_Driver/Src/stm32f1xx_hal_uart.o
 .debug_info    0x000000000001c293     0x26f3 ./Middlewares/Third_Party/FreeRTOS/Source/CMSIS_RTOS/cmsis_os.o
 .debug_info    0x000000000001e986      0xf7b ./Middlewares/Third_Party/FreeRTOS/Source/event_groups.o
 .debug_info    0x000000000001f901      0x2be ./Middlewares/Third_Party/FreeRTOS/Source/list.o
 .debug_info    0x000000000001fbbf     0x2a95 ./Middlewares/Third_Party/FreeRTOS/Source/tasks.o
 .debug_info    0x0000000000022654      0x530 ./Middlewares/Third_Party/FreeRTOS/Source/portable/GCC/ARM_CM3/port.o
 .debug_info    0x0000000000022b84      0x4b4 ./Middlewares/Third_Party/FreeRTOS/Source/portable/MemMang/heap_4.o

.debug_abbrev   0x0000000000000000     0x58e9
 .debug_abbrev  0x0000000000000000      0x186 ./Core/Src/BLU.o
 .debug_abbrev  0x0000000000000186      0x114 ./Core/Src/BUZZER_program.o
 .debug_abbrev  0x000000000000029a      0x252 ./Core/Src/DC_Motor.o
 .debug_abbrev  0x00000000000004ec      0x1a0 ./Core/Src/LCD_program.o
 .debug_abbrev  0x000000000000068c      0x129 ./Core/Src/LED_program.o
 .debug_abbrev  0x00000000000007b5      0x116 ./Core/Src/LIne_Detector.o
 .debug_abbrev  0x00000000000008cb      0x199 ./Core/Src/LM35.o
 .debug_abbrev  0x0000000000000a64      0x2cb ./Core/Src/UltraSonic_program_.o
 .debug_abbrev  0x0000000000000d2f      0x21d ./Core/Src/adc.o
 .debug_abbrev  0x0000000000000f4c      0x16f ./Core/Src/freertos.o
 .debug_abbrev  0x00000000000010bb      0x151 ./Core/Src/gpio.o
 .debug_abbrev  0x000000000000120c      0x23b ./Core/Src/i2c.o
 .debug_abbrev  0x0000000000001447      0x33b ./Core/Src/main.o
 .debug_abbrev  0x0000000000001782      0x275 ./Core/Src/mpu6050.o
 .debug_abbrev  0x00000000000019f7      0x142 ./Core/Src/stm32f1xx_hal_msp.o
 .debug_abbrev  0x0000000000001b39      0x1da ./Core/Src/stm32f1xx_it.o
 .debug_abbrev  0x0000000000001d13      0x145 ./Core/Src/system_stm32f1xx.o
 .debug_abbrev  0x0000000000001e58      0x2df ./Core/Src/tim.o
 .debug_abbrev  0x0000000000002137      0x274 ./Core/Src/usart.o
 .debug_abbrev  0x00000000000023ab       0x12 ./Core/Startup/startup_stm32f103c6tx.o
 .debug_abbrev  0x00000000000023bd      0x272 ./Drivers/STM32F1xx_HAL_Driver/Src/stm32f1xx_hal.o
 .debug_abbrev  0x000000000000262f      0x30d ./Drivers/STM32F1xx_HAL_Driver/Src/stm32f1xx_hal_adc.o
 .debug_abbrev  0x000000000000293c      0x364 ./Drivers/STM32F1xx_HAL_Driver/Src/stm32f1xx_hal_cortex.o
 .debug_abbrev  0x0000000000002ca0      0x26a ./Drivers/STM32F1xx_HAL_Driver/Src/stm32f1xx_hal_dma.o
 .debug_abbrev  0x0000000000002f0a      0x1f7 ./Drivers/STM32F1xx_HAL_Driver/Src/stm32f1xx_hal_gpio.o
 .debug_abbrev  0x0000000000003101      0x460 ./Drivers/STM32F1xx_HAL_Driver/Src/stm32f1xx_hal_i2c.o
 .debug_abbrev  0x0000000000003561      0x2f2 ./Drivers/STM32F1xx_HAL_Driver/Src/stm32f1xx_hal_rcc.o
 .debug_abbrev  0x0000000000003853      0x1d8 ./Drivers/STM32F1xx_HAL_Driver/Src/stm32f1xx_hal_rcc_ex.o
 .debug_abbrev  0x0000000000003a2b      0x3a0 ./Drivers/STM32F1xx_HAL_Driver/Src/stm32f1xx_hal_tim.o
 .debug_abbrev  0x0000000000003dcb      0x351 ./Drivers/STM32F1xx_HAL_Driver/Src/stm32f1xx_hal_tim_ex.o
 .debug_abbrev  0x000000000000411c      0x42c ./Drivers/STM32F1xx_HAL_Driver/Src/stm32f1xx_hal_uart.o
 .debug_abbrev  0x0000000000004548      0x4d2 ./Middlewares/Third_Party/FreeRTOS/Source/CMSIS_RTOS/cmsis_os.o